******************************************************************************
             TMS320C2000 Linker PC v5.2.3                      
******************************************************************************
>> Linked Thu Dec 25 17:04:15 2014

OUTPUT FILE NAME:   <D-STATCOM_ByLee.out>
ENTRY POINT SYMBOL: "_c_int00"  address: 003f8a29


MEMORY CONFIGURATION

         name            origin    length      used     unused   attr    fill
----------------------  --------  ---------  --------  --------  ----  --------
PAGE 0:
  RAMM0                 00000000   00000400  00000000  00000400  RWIX
  BEGIN                 003f8000   00000002  00000002  00000000  RWIX
  PRAMH0                003f8002   00000ffe  00000c7e  00000380  RWIX
  BOOTROM               003ff000   00000fc0  00000b50  00000470  RW  
  RESET                 003fffc0   00000002  00000000  00000002  RWIX

PAGE 1:
  RAMM1                 00000400   00000400  00000400  00000000  RWIX
  DEV_EMU               00000880   00000180  000000d2  000000ae  RWIX
  FLASH_REGS            00000a80   00000060  00000008  00000058  RWIX
  CSM                   00000ae0   00000010  00000010  00000000  RWIX
  XINTF                 00000b20   00000020  00000020  00000000  RWIX
  CPU_TIMER0            00000c00   00000008  00000008  00000000  RWIX
  PIE_CTRL              00000ce0   00000020  0000001a  00000006  RWIX
  PIE_VECT              00000d00   00000100  00000100  00000000  RWIX
  ECANA                 00006000   00000040  00000034  0000000c  RWIX
  ECANA_LAM             00006040   00000040  00000040  00000000  RWIX
  ECANA_MOTS            00006080   00000040  00000040  00000000  RWIX
  ECANA_MOTO            000060c0   00000040  00000040  00000000  RWIX
  ECANA_MBOX            00006100   00000100  00000100  00000000  RWIX
  SYSTEM                00007010   00000020  00000020  00000000  RWIX
  SPIA                  00007040   00000010  00000010  00000000  RWIX
  SCIA                  00007050   00000010  00000010  00000000  RWIX
  XINTRUPT              00007070   00000010  00000010  00000000  RWIX
  GPIOMUX               000070c0   00000020  00000020  00000000  RWIX
  GPIODAT               000070e0   00000020  00000020  00000000  RWIX
  ADC                   00007100   00000020  0000001a  00000006  RWIX
  EVA                   00007400   00000040  00000032  0000000e  RWIX
  EVB                   00007500   00000040  00000032  0000000e  RWIX
  SCIB                  00007750   00000010  00000010  00000000  RWIX
  MCBSPA                00007800   00000040  00000025  0000001b  RWIX
  DSRAM                 00100000   00010000  000003e3  0000fc1d  RWIX
  CSM_PWL               003f7ff8   00000008  00000008  00000000  RWIX
  DRAMH0                003f9028   00000fd8  000004e2  00000af6  RWIX


SECTION ALLOCATION MAP

 output                                  attributes/
section   page    origin      length       input sections
--------  ----  ----------  ----------   ----------------
.pinit     0    003f8002    00000000     UNINITIALIZED

codestart 
*          0    003f8000    00000002     
                  003f8000    00000002     DSP281x_CodeStartBranch.obj (codestart)

.text      0    003f8002    00000c39     
                  003f8002    0000062e     D-STATCOM_Main_ByLee.obj (.text)
                  003f8630    0000014f     DSP281x_DefaultIsr.obj (.text)
                  003f877f    00000083     rts2800_ml.lib : fd_mpy.obj (.text)
                  003f8802    00000083                    : fs_div.obj (.text)
                  003f8885    00000082     DSP281x_SysCtrl.obj (.text)
                  003f8907    00000078     rts2800_ml.lib : fs_add.obj (.text)
                  003f897f    0000005a                    : fs_mpy.obj (.text)
                  003f89d9    00000050                    : sqrt.obj (.text)
                  003f8a29    00000044                    : boot.obj (.text)
                  003f8a6d    00000041                    : ldexp.obj (.text)
                  003f8aae    0000003b     DSP281x_Gpio.obj (.text)
                  003f8ae9    00000028     DSP281x_PieCtrl.obj (.text)
                  003f8b11    00000020     DSP281x_PieVect.obj (.text)
                  003f8b31    0000001f     rts2800_ml.lib : fd_tol.obj (.text)
                  003f8b50    0000001d                    : fs_tou.obj (.text)
                  003f8b6d    0000001c                    : fs_tofd.obj (.text)
                  003f8b89    0000001b                    : args_main.obj (.text)
                  003f8ba4    0000001a                    : i_tofs.obj (.text)
                  003f8bbe    00000019                    : exit.obj (.text)
                  003f8bd7    00000017                    : fs_cmp.obj (.text)
                  003f8bee    00000015     DSP281x_MemCopy.obj (.text)
                  003f8c03    00000012     DSP281x_Adc.obj (.text)
                  003f8c15    00000010     rts2800_ml.lib : u_tofs.obj (.text)
                  003f8c25    00000009                    : _lock.obj (.text)
                  003f8c2e    00000008     DSP281x_CodeStartBranch.obj (.text)
                  003f8c36    00000005     rts2800_ml.lib : fs_neg.obj (.text)

IQmath     0    003f8c3b    00000045     
                  003f8c3b    00000031     IQmath.lib : IQ15sin.obj (IQmath)
                  003f8c6c    00000014                : IQ15toF.obj (IQmath)

IQmathTables 
*          0    003ff000    00000b50     NOLOAD SECTION
                  003ff000    00000b50     IQmath.lib : IQmathTables.ob (IQmathTables)

.reset     0    003fffc0    00000002     DSECT
                  003fffc0    00000002     rts2800_ml.lib : boot.obj (.reset)

.stack     1    00000400    00000400     UNINITIALIZED
                  00000400    00000400     --HOLE--

DevEmuRegsFile 
*          1    00000880    000000d2     UNINITIALIZED
                  00000880    000000d2     DSP281x_GlobalVariableDefs.obj (DevEmuRegsFile)

FlashRegsFile 
*          1    00000a80    00000008     UNINITIALIZED
                  00000a80    00000008     DSP281x_GlobalVariableDefs.obj (FlashRegsFile)

CsmRegsFile 
*          1    00000ae0    00000010     UNINITIALIZED
                  00000ae0    00000010     DSP281x_GlobalVariableDefs.obj (CsmRegsFile)

XintfRegsFile 
*          1    00000b20    00000020     UNINITIALIZED
                  00000b20    00000020     DSP281x_GlobalVariableDefs.obj (XintfRegsFile)

CpuTimer0RegsFile 
*          1    00000c00    00000008     UNINITIALIZED
                  00000c00    00000008     DSP281x_GlobalVariableDefs.obj (CpuTimer0RegsFile)

PieCtrlRegsFile 
*          1    00000ce0    0000001a     UNINITIALIZED
                  00000ce0    0000001a     DSP281x_GlobalVariableDefs.obj (PieCtrlRegsFile)

PieVectTableFile 
*          1    00000d00    00000100     UNINITIALIZED
                  00000d00    00000100     DSP281x_GlobalVariableDefs.obj (PieVectTableFile)

ECanaRegsFile 
*          1    00006000    00000034     UNINITIALIZED
                  00006000    00000034     DSP281x_GlobalVariableDefs.obj (ECanaRegsFile)

ECanaLAMRegsFile 
*          1    00006040    00000040     UNINITIALIZED
                  00006040    00000040     DSP281x_GlobalVariableDefs.obj (ECanaLAMRegsFile)

ECanaMOTSRegsFile 
*          1    00006080    00000040     UNINITIALIZED
                  00006080    00000040     DSP281x_GlobalVariableDefs.obj (ECanaMOTSRegsFile)

ECanaMOTORegsFile 
*          1    000060c0    00000040     UNINITIALIZED
                  000060c0    00000040     DSP281x_GlobalVariableDefs.obj (ECanaMOTORegsFile)

ECanaMboxesFile 
*          1    00006100    00000100     UNINITIALIZED
                  00006100    00000100     DSP281x_GlobalVariableDefs.obj (ECanaMboxesFile)

SysCtrlRegsFile 
*          1    00007010    00000020     UNINITIALIZED
                  00007010    00000020     DSP281x_GlobalVariableDefs.obj (SysCtrlRegsFile)

SpiaRegsFile 
*          1    00007040    00000010     UNINITIALIZED
                  00007040    00000010     DSP281x_GlobalVariableDefs.obj (SpiaRegsFile)

SciaRegsFile 
*          1    00007050    00000010     UNINITIALIZED
                  00007050    00000010     DSP281x_GlobalVariableDefs.obj (SciaRegsFile)

XIntruptRegsFile 
*          1    00007070    00000010     UNINITIALIZED
                  00007070    00000010     DSP281x_GlobalVariableDefs.obj (XIntruptRegsFile)

GpioMuxRegsFile 
*          1    000070c0    00000020     UNINITIALIZED
                  000070c0    00000020     DSP281x_GlobalVariableDefs.obj (GpioMuxRegsFile)

GpioDataRegsFile 
*          1    000070e0    00000020     UNINITIALIZED
                  000070e0    00000020     DSP281x_GlobalVariableDefs.obj (GpioDataRegsFile)

AdcRegsFile 
*          1    00007100    0000001a     UNINITIALIZED
                  00007100    0000001a     DSP281x_GlobalVariableDefs.obj (AdcRegsFile)

EvaRegsFile 
*          1    00007400    00000032     UNINITIALIZED
                  00007400    00000032     DSP281x_GlobalVariableDefs.obj (EvaRegsFile)

EvbRegsFile 
*          1    00007500    00000032     UNINITIALIZED
                  00007500    00000032     DSP281x_GlobalVariableDefs.obj (EvbRegsFile)

ScibRegsFile 
*          1    00007750    00000010     UNINITIALIZED
                  00007750    00000010     DSP281x_GlobalVariableDefs.obj (ScibRegsFile)

McbspaRegsFile 
*          1    00007800    00000025     UNINITIALIZED
                  00007800    00000025     DSP281x_GlobalVariableDefs.obj (McbspaRegsFile)

.cinit     1    00100000    000003c8     
                  00100000    000003ae     D-STATCOM_Main_ByLee.obj (.cinit)
                  001003ae    0000000a     rts2800_ml.lib : _lock.obj (.cinit)
                  001003b8    0000000a                    : exit.obj (.cinit)
                  001003c2    00000004                    : errno.obj (.cinit)
                  001003c6    00000002     --HOLE-- [fill = 0]

ramfuncs   1    001003c8    0000001b     
                  001003c8    00000017     DSP281x_SysCtrl.obj (ramfuncs)
                  001003df    00000004     DSP281x_usDelay.obj (ramfuncs)

CsmPwlFile 
*          1    003f7ff8    00000008     UNINITIALIZED
                  003f7ff8    00000008     DSP281x_GlobalVariableDefs.obj (CsmPwlFile)

.ebss      1    003f9028    000003de     UNINITIALIZED
                  003f9028    00000004     rts2800_ml.lib : _lock.obj (.ebss)
                  003f902c    00000004                    : exit.obj (.ebss)
                  003f9030    00000001                    : errno.obj (.ebss)
                  003f9031    0000000f     --HOLE--
                  003f9040    000003c6     D-STATCOM_Main_ByLee.obj (.ebss)

.econst    1    003f9406    00000104     
                  003f9406    00000100     DSP281x_PieVect.obj (.econst)
                  003f9506    00000004     D-STATCOM_Main_ByLee.obj (.econst)


GLOBAL SYMBOLS: SORTED ALPHABETICALLY BY Name 

address    name
--------   ----
003f8002   .text
003f8bbe   C$$EXIT
003f877f   FD$$MPY
003f8b31   FD$$TOL
003f890c   FS$$ADD
003f8bd7   FS$$CMP
003f8802   FS$$DIV
003f897f   FS$$MPY
003f8c36   FS$$NEG
003f8907   FS$$SUB
003f8b6d   FS$$TOFD
003f8b50   FS$$TOU
003f8ba4   I$$TOFS
003f8c15   U$$TOFS
003f9100   _AD
003f86a3   _ADCINT_ISR
003f8354   _ADCSmplePro
003f833c   _ADC_SampleINT
003f830a   _ADC_T1TOADC_isr
003f9062   _ADREG
003f9064   _AD_CHIPSEL0
003f9066   _AD_CHIPSEL1
003f906e   _AD_CONVST
003f9043   _AD_corrention_flag
003f9044   _ADflag
00007100   _AdcRegs
003f86e9   _CAPINT1_ISR
003f86ee   _CAPINT2_ISR
003f86f3   _CAPINT3_ISR
003f872f   _CAPINT4_ISR
003f8734   _CAPINT5_ISR
003f8739   _CAPINT6_ISR
003f86b2   _CMP1INT_ISR
003f86b7   _CMP2INT_ISR
003f86bc   _CMP3INT_ISR
003f86f8   _CMP4INT_ISR
003f86fd   _CMP5INT_ISR
003f8702   _CMP6INT_ISR
00000c00   _CpuTimer0Regs
003f7ff8   _CsmPwl
00000ae0   _CsmRegs
003f88d6   _CsmUnlock
003f863a   _DATALOG_ISR
001003df   _DSP28x_usDelay
00000880   _DevEmuRegs
003f8897   _DisableDog
003f8766   _ECAN0INTA_ISR
003f876b   _ECAN1INTA_ISR
00006040   _ECanaLAMRegs
000060c0   _ECanaMOTORegs
00006080   _ECanaMOTSRegs
00006100   _ECanaMboxes
00006000   _ECanaRegs
003f8770   _EMPTY_ISR
003f8644   _EMUINT_ISR
003f8b08   _EnableInterrupts
00007400   _EvaRegs
00007500   _EvbRegs
00000a80   _FlashRegs
000070e0   _GpioDataRegs
000070c0   _GpioMuxRegs
003f904c   _I1
003f9048   _I1_offset
003f9060   _I1_offset_temp
003f9052   _I2
003f905e   _I2_offset
003f9056   _I2_offset_temp
003f9050   _I3
003f864e   _ILLEGAL_ISR
003f8630   _INT13_ISR
003f8635   _INT14_ISR
003ffad8   _IQ10mpyRndSatTable
003ffacc   _IQ11mpyRndSatTable
003ffac0   _IQ12mpyRndSatTable
003ffab4   _IQ13mpyRndSatTable
003ffaa8   _IQ14mpyRndSatTable
003ffa9c   _IQ15mpyRndSatTable
003ffa90   _IQ16mpyRndSatTable
003ffa84   _IQ17mpyRndSatTable
003ffa78   _IQ18mpyRndSatTable
003ffa6c   _IQ19mpyRndSatTable
003ffb44   _IQ1mpyRndSatTable
003ffa60   _IQ20mpyRndSatTable
003ffa54   _IQ21mpyRndSatTable
003ffa48   _IQ22mpyRndSatTable
003ffa3c   _IQ23mpyRndSatTable
003ffa30   _IQ24mpyRndSatTable
003ffa24   _IQ25mpyRndSatTable
003ffa18   _IQ26mpyRndSatTable
003ffa0c   _IQ27mpyRndSatTable
003ffa00   _IQ28mpyRndSatTable
003ff9f4   _IQ29mpyRndSatTable
003ffb38   _IQ2mpyRndSatTable
003ff9e8   _IQ30mpyRndSatTable
003ffb2c   _IQ3mpyRndSatTable
003ffb20   _IQ4mpyRndSatTable
003ffb14   _IQ5mpyRndSatTable
003ffb08   _IQ6mpyRndSatTable
003ffafc   _IQ7mpyRndSatTable
003ffaf0   _IQ8mpyRndSatTable
003ffae4   _IQ9mpyRndSatTable
003ff824   _IQatan2HalfPITable
003ff862   _IQatan2Table
003ff9e8   _IQatan2TableEnd
003ff100   _IQcosTable
003ff502   _IQcosTableEnd
003ff502   _IQdivRoundSatTable
003ff510   _IQdivTable
003ff712   _IQdivTableEnd
003ff712   _IQisqrtRoundSatTable
003ff722   _IQisqrtTable
003ff824   _IQisqrtTableEnd
003ff9e8   _IQmpyRndSatTable
003ffb50   _IQmpyRndSatTableEnd
003ff000   _IQsinTable
003ff400   _IQsinTableEnd
003ff712   _IQsqrtRoundSatTable
003ff722   _IQsqrtTable
003ff824   _IQsqrtTableEnd
003f8c03   _InitAdc
001003c8   _InitFlash
003f8aae   _InitGpio
003f88bc   _InitPeripheralClocks
003f8ae9   _InitPieCtrl
003f8b11   _InitPieVectTable
003f889f   _InitPll
003f9041   _InitPoint
003f8885   _InitSysCtrl
003f8abb   _Init_Gpio
003f888d   _KickDog
003f8748   _MRINTA_ISR
003f874d   _MXINTA_ISR
00007800   _McbspaRegs
003f8bee   _MemCopy
003f8649   _NMI_ISR
003f868f   _PDPINTA_ISR
003f8694   _PDPINTB_ISR
003f8775   _PIE_RESERVED
003f90e4   _PI_Id
003f90d2   _PI_Iq
003f90a6   _PI_Ud
003f90c0   _PI_Uq
00000ce0   _PieCtrlRegs
00000d00   _PieVectTable
003f9406   _PieVectTableInit
003f863f   _RTOSINT_ISR
003f8752   _SCIRXINTA_ISR
003f875c   _SCIRXINTB_ISR
003f8757   _SCITXINTA_ISR
003f8761   _SCITXINTB_ISR
003f873e   _SPIRXINTA_ISR
003f8743   _SPITXINTA_ISR
00007050   _SciaRegs
00007750   _ScibRegs
00007040   _SpiaRegs
00007010   _SysCtrlRegs
003f86c6   _T1CINT_ISR
003f86d0   _T1OFINT_ISR
003f86c1   _T1PINT_ISR
003f86cb   _T1UFINT_ISR
003f86da   _T2CINT_ISR
003f86e4   _T2OFINT_ISR
003f86d5   _T2PINT_ISR
003f86df   _T2UFINT_ISR
003f870c   _T3CINT_ISR
003f8716   _T3OFINT_ISR
003f8707   _T3PINT_ISR
003f8711   _T3UFINT_ISR
003f8720   _T4CINT_ISR
003f872a   _T4OFINT_ISR
003f871b   _T4PINT_ISR
003f8725   _T4UFINT_ISR
003f86a8   _TINT0_ISR
003f9068   _U1
003f904a   _U1_offset
003f905c   _U1_offset_temp
003f904e   _U2
003f9046   _U2_offset
003f906a   _U2_offset_temp
003f8680   _USER10_ISR
003f8685   _USER11_ISR
003f868a   _USER12_ISR
003f8653   _USER1_ISR
003f8658   _USER2_ISR
003f865d   _USER3_ISR
003f8662   _USER4_ISR
003f8667   _USER5_ISR
003f866c   _USER6_ISR
003f8671   _USER7_ISR
003f8676   _USER8_ISR
003f867b   _USER9_ISR
003f9054   _Ua_pwm
003f905a   _Ub_pwm
003f9058   _Uc_pwm
003f86ad   _WAKEINT_ISR
003f8699   _XINT1_ISR
003f869e   _XINT2_ISR
00007070   _XIntruptRegs
00000b20   _XintfRegs
003f8c3b   __IQ15sin
003f8c6c   __IQ15toF
00000800   __STACK_END
00000400   __STACK_SIZE
00000001   __TI_args_main
ffffffff   ___binit__
ffffffff   ___c_args__
00100000   ___cinit__
003f8c3b   ___etext__
ffffffff   ___pinit__
003f8002   ___text__
003f8b89   __args_main
003f902c   __cleanup_ptr
003f902e   __dtors_ptr
003f902a   __lock
003f8c2d   __nop
003f8c29   __register_lock
003f8c25   __register_unlock
00000400   __stack
003f9028   __unlock
003f8bbe   _abort
003f9094   _ac
003f8048   _anticlarke_calc
003f80f3   _antipark_calc
003f9088   _ap
003f908c   _c2
003f9074   _c_I
003f9080   _c_U
003f8a29   _c_int00
003f8002   _clarke_calc
003f9040   _cnt
003f9030   _errno
003f8bc0   _exit
003f84f9   _inverter_pll_calc
003f909a   _ip
003f90a0   _l2p_U
003f8a6d   _ldexp
003f811c   _line_to_phase
003f81c8   _main
003f9090   _p_I
003f9084   _p_U
003f80ca   _park_calc
003f85c2   _pi_calc
003f9078   _pll2
003f9070   _pll_I
003f907c   _pll_U
003f815c   _pll_calc
003f877a   _rsvd_ISR
003f906c   _sample_time
003f89d9   _sqrt
003f9042   _x
ffffffff   binit
00100000   cinit
003f8c3b   etext
ffffffff   pinit


GLOBAL SYMBOLS: SORTED BY Symbol Address 

address    name
--------   ----
00000001   __TI_args_main
00000400   __STACK_SIZE
00000400   __stack
00000800   __STACK_END
00000880   _DevEmuRegs
00000a80   _FlashRegs
00000ae0   _CsmRegs
00000b20   _XintfRegs
00000c00   _CpuTimer0Regs
00000ce0   _PieCtrlRegs
00000d00   _PieVectTable
00006000   _ECanaRegs
00006040   _ECanaLAMRegs
00006080   _ECanaMOTSRegs
000060c0   _ECanaMOTORegs
00006100   _ECanaMboxes
00007010   _SysCtrlRegs
00007040   _SpiaRegs
00007050   _SciaRegs
00007070   _XIntruptRegs
000070c0   _GpioMuxRegs
000070e0   _GpioDataRegs
00007100   _AdcRegs
00007400   _EvaRegs
00007500   _EvbRegs
00007750   _ScibRegs
00007800   _McbspaRegs
00100000   ___cinit__
00100000   cinit
001003c8   _InitFlash
001003df   _DSP28x_usDelay
003f7ff8   _CsmPwl
003f8002   .text
003f8002   ___text__
003f8002   _clarke_calc
003f8048   _anticlarke_calc
003f80ca   _park_calc
003f80f3   _antipark_calc
003f811c   _line_to_phase
003f815c   _pll_calc
003f81c8   _main
003f830a   _ADC_T1TOADC_isr
003f833c   _ADC_SampleINT
003f8354   _ADCSmplePro
003f84f9   _inverter_pll_calc
003f85c2   _pi_calc
003f8630   _INT13_ISR
003f8635   _INT14_ISR
003f863a   _DATALOG_ISR
003f863f   _RTOSINT_ISR
003f8644   _EMUINT_ISR
003f8649   _NMI_ISR
003f864e   _ILLEGAL_ISR
003f8653   _USER1_ISR
003f8658   _USER2_ISR
003f865d   _USER3_ISR
003f8662   _USER4_ISR
003f8667   _USER5_ISR
003f866c   _USER6_ISR
003f8671   _USER7_ISR
003f8676   _USER8_ISR
003f867b   _USER9_ISR
003f8680   _USER10_ISR
003f8685   _USER11_ISR
003f868a   _USER12_ISR
003f868f   _PDPINTA_ISR
003f8694   _PDPINTB_ISR
003f8699   _XINT1_ISR
003f869e   _XINT2_ISR
003f86a3   _ADCINT_ISR
003f86a8   _TINT0_ISR
003f86ad   _WAKEINT_ISR
003f86b2   _CMP1INT_ISR
003f86b7   _CMP2INT_ISR
003f86bc   _CMP3INT_ISR
003f86c1   _T1PINT_ISR
003f86c6   _T1CINT_ISR
003f86cb   _T1UFINT_ISR
003f86d0   _T1OFINT_ISR
003f86d5   _T2PINT_ISR
003f86da   _T2CINT_ISR
003f86df   _T2UFINT_ISR
003f86e4   _T2OFINT_ISR
003f86e9   _CAPINT1_ISR
003f86ee   _CAPINT2_ISR
003f86f3   _CAPINT3_ISR
003f86f8   _CMP4INT_ISR
003f86fd   _CMP5INT_ISR
003f8702   _CMP6INT_ISR
003f8707   _T3PINT_ISR
003f870c   _T3CINT_ISR
003f8711   _T3UFINT_ISR
003f8716   _T3OFINT_ISR
003f871b   _T4PINT_ISR
003f8720   _T4CINT_ISR
003f8725   _T4UFINT_ISR
003f872a   _T4OFINT_ISR
003f872f   _CAPINT4_ISR
003f8734   _CAPINT5_ISR
003f8739   _CAPINT6_ISR
003f873e   _SPIRXINTA_ISR
003f8743   _SPITXINTA_ISR
003f8748   _MRINTA_ISR
003f874d   _MXINTA_ISR
003f8752   _SCIRXINTA_ISR
003f8757   _SCITXINTA_ISR
003f875c   _SCIRXINTB_ISR
003f8761   _SCITXINTB_ISR
003f8766   _ECAN0INTA_ISR
003f876b   _ECAN1INTA_ISR
003f8770   _EMPTY_ISR
003f8775   _PIE_RESERVED
003f877a   _rsvd_ISR
003f877f   FD$$MPY
003f8802   FS$$DIV
003f8885   _InitSysCtrl
003f888d   _KickDog
003f8897   _DisableDog
003f889f   _InitPll
003f88bc   _InitPeripheralClocks
003f88d6   _CsmUnlock
003f8907   FS$$SUB
003f890c   FS$$ADD
003f897f   FS$$MPY
003f89d9   _sqrt
003f8a29   _c_int00
003f8a6d   _ldexp
003f8aae   _InitGpio
003f8abb   _Init_Gpio
003f8ae9   _InitPieCtrl
003f8b08   _EnableInterrupts
003f8b11   _InitPieVectTable
003f8b31   FD$$TOL
003f8b50   FS$$TOU
003f8b6d   FS$$TOFD
003f8b89   __args_main
003f8ba4   I$$TOFS
003f8bbe   C$$EXIT
003f8bbe   _abort
003f8bc0   _exit
003f8bd7   FS$$CMP
003f8bee   _MemCopy
003f8c03   _InitAdc
003f8c15   U$$TOFS
003f8c25   __register_unlock
003f8c29   __register_lock
003f8c2d   __nop
003f8c36   FS$$NEG
003f8c3b   __IQ15sin
003f8c3b   ___etext__
003f8c3b   etext
003f8c6c   __IQ15toF
003f9028   __unlock
003f902a   __lock
003f902c   __cleanup_ptr
003f902e   __dtors_ptr
003f9030   _errno
003f9040   _cnt
003f9041   _InitPoint
003f9042   _x
003f9043   _AD_corrention_flag
003f9044   _ADflag
003f9046   _U2_offset
003f9048   _I1_offset
003f904a   _U1_offset
003f904c   _I1
003f904e   _U2
003f9050   _I3
003f9052   _I2
003f9054   _Ua_pwm
003f9056   _I2_offset_temp
003f9058   _Uc_pwm
003f905a   _Ub_pwm
003f905c   _U1_offset_temp
003f905e   _I2_offset
003f9060   _I1_offset_temp
003f9062   _ADREG
003f9064   _AD_CHIPSEL0
003f9066   _AD_CHIPSEL1
003f9068   _U1
003f906a   _U2_offset_temp
003f906c   _sample_time
003f906e   _AD_CONVST
003f9070   _pll_I
003f9074   _c_I
003f9078   _pll2
003f907c   _pll_U
003f9080   _c_U
003f9084   _p_U
003f9088   _ap
003f908c   _c2
003f9090   _p_I
003f9094   _ac
003f909a   _ip
003f90a0   _l2p_U
003f90a6   _PI_Ud
003f90c0   _PI_Uq
003f90d2   _PI_Iq
003f90e4   _PI_Id
003f9100   _AD
003f9406   _PieVectTableInit
003ff000   _IQsinTable
003ff100   _IQcosTable
003ff400   _IQsinTableEnd
003ff502   _IQcosTableEnd
003ff502   _IQdivRoundSatTable
003ff510   _IQdivTable
003ff712   _IQdivTableEnd
003ff712   _IQisqrtRoundSatTable
003ff712   _IQsqrtRoundSatTable
003ff722   _IQisqrtTable
003ff722   _IQsqrtTable
003ff824   _IQatan2HalfPITable
003ff824   _IQisqrtTableEnd
003ff824   _IQsqrtTableEnd
003ff862   _IQatan2Table
003ff9e8   _IQ30mpyRndSatTable
003ff9e8   _IQatan2TableEnd
003ff9e8   _IQmpyRndSatTable
003ff9f4   _IQ29mpyRndSatTable
003ffa00   _IQ28mpyRndSatTable
003ffa0c   _IQ27mpyRndSatTable
003ffa18   _IQ26mpyRndSatTable
003ffa24   _IQ25mpyRndSatTable
003ffa30   _IQ24mpyRndSatTable
003ffa3c   _IQ23mpyRndSatTable
003ffa48   _IQ22mpyRndSatTable
003ffa54   _IQ21mpyRndSatTable
003ffa60   _IQ20mpyRndSatTable
003ffa6c   _IQ19mpyRndSatTable
003ffa78   _IQ18mpyRndSatTable
003ffa84   _IQ17mpyRndSatTable
003ffa90   _IQ16mpyRndSatTable
003ffa9c   _IQ15mpyRndSatTable
003ffaa8   _IQ14mpyRndSatTable
003ffab4   _IQ13mpyRndSatTable
003ffac0   _IQ12mpyRndSatTable
003ffacc   _IQ11mpyRndSatTable
003ffad8   _IQ10mpyRndSatTable
003ffae4   _IQ9mpyRndSatTable
003ffaf0   _IQ8mpyRndSatTable
003ffafc   _IQ7mpyRndSatTable
003ffb08   _IQ6mpyRndSatTable
003ffb14   _IQ5mpyRndSatTable
003ffb20   _IQ4mpyRndSatTable
003ffb2c   _IQ3mpyRndSatTable
003ffb38   _IQ2mpyRndSatTable
003ffb44   _IQ1mpyRndSatTable
003ffb50   _IQmpyRndSatTableEnd
ffffffff   ___binit__
ffffffff   ___c_args__
ffffffff   ___pinit__
ffffffff   binit
ffffffff   pinit

[254 symbols]
