******************************************************************************
             TMS320C2000 Linker PC v5.2.3                      
******************************************************************************
>> Linked Wed Dec 24 10:49:21 2014

OUTPUT FILE NAME:   <D-STATCOM_ByLee.out>
ENTRY POINT SYMBOL: "_c_int00"  address: 003f89a3


MEMORY CONFIGURATION

         name            origin    length      used     unused   attr    fill
----------------------  --------  ---------  --------  --------  ----  --------
PAGE 0:
  RAMM0                 00000000   00000400  00000000  00000400  RWIX
  BEGIN                 003f8000   00000002  00000002  00000000  RWIX
  PRAMH0                003f8002   00001025  00000ff0  00000035  RWIX
  BOOTROM               003ff000   00000fc0  00000b50  00000470  RW  
  RESET                 003fffc0   00000002  00000000  00000002  RWIX

PAGE 1:
  RAMM1                 00000400   00000400  00000400  00000000  RWIX
  DEV_EMU               00000880   00000180  000000d2  000000ae  RWIX
  FLASH_REGS            00000a80   00000060  00000008  00000058  RWIX
  CSM                   00000ae0   00000010  00000010  00000000  RWIX
  XINTF                 00000b20   00000020  00000020  00000000  RWIX
  CPU_TIMER0            00000c00   00000008  00000008  00000000  RWIX
  PIE_CTRL              00000ce0   00000020  0000001a  00000006  RWIX
  PIE_VECT              00000d00   00000100  00000100  00000000  RWIX
  ECANA                 00006000   00000040  00000034  0000000c  RWIX
  ECANA_LAM             00006040   00000040  00000040  00000000  RWIX
  ECANA_MOTS            00006080   00000040  00000040  00000000  RWIX
  ECANA_MOTO            000060c0   00000040  00000040  00000000  RWIX
  ECANA_MBOX            00006100   00000100  00000100  00000000  RWIX
  SYSTEM                00007010   00000020  00000020  00000000  RWIX
  SPIA                  00007040   00000010  00000010  00000000  RWIX
  SCIA                  00007050   00000010  00000010  00000000  RWIX
  XINTRUPT              00007070   00000010  00000010  00000000  RWIX
  GPIOMUX               000070c0   00000020  00000020  00000000  RWIX
  GPIODAT               000070e0   00000020  00000020  00000000  RWIX
  ADC                   00007100   00000020  0000001a  00000006  RWIX
  EVA                   00007400   00000040  00000032  0000000e  RWIX
  EVB                   00007500   00000040  00000032  0000000e  RWIX
  SCIB                  00007750   00000010  00000010  00000000  RWIX
  MCBSPA                00007800   00000040  00000025  0000001b  RWIX
  DSRAM                 00100000   00010000  00000000  00010000  RWIX
  CSM_PWL               003f7ff8   00000008  00000008  00000000  RWIX
  DRAMH0                003f9028   00000fd8  00000522  00000ab6  RWIX


SECTION ALLOCATION MAP

 output                                  attributes/
section   page    origin      length       input sections
--------  ----  ----------  ----------   ----------------
.pinit     0    003f8002    00000000     UNINITIALIZED

codestart 
*          0    003f8000    00000002     
                  003f8000    00000002     DSP281x_CodeStartBranch.obj (codestart)

.text      0    003f8002    00000bb3     
                  003f8002    000005a8     D-STATCOM_Main_ByLee.obj (.text)
                  003f85aa    0000014f     DSP281x_DefaultIsr.obj (.text)
                  003f86f9    00000083     rts2800_ml.lib : fd_mpy.obj (.text)
                  003f877c    00000083                    : fs_div.obj (.text)
                  003f87ff    00000082     DSP281x_SysCtrl.obj (.text)
                  003f8881    00000078     rts2800_ml.lib : fs_add.obj (.text)
                  003f88f9    0000005a                    : fs_mpy.obj (.text)
                  003f8953    00000050                    : sqrt.obj (.text)
                  003f89a3    00000044                    : boot.obj (.text)
                  003f89e7    00000041                    : ldexp.obj (.text)
                  003f8a28    0000003b     DSP281x_Gpio.obj (.text)
                  003f8a63    00000028     DSP281x_PieCtrl.obj (.text)
                  003f8a8b    00000020     DSP281x_PieVect.obj (.text)
                  003f8aab    0000001f     rts2800_ml.lib : fd_tol.obj (.text)
                  003f8aca    0000001d                    : fs_tou.obj (.text)
                  003f8ae7    0000001c                    : fs_tofd.obj (.text)
                  003f8b03    0000001b                    : args_main.obj (.text)
                  003f8b1e    0000001a                    : i_tofs.obj (.text)
                  003f8b38    00000019                    : exit.obj (.text)
                  003f8b51    00000017                    : fs_cmp.obj (.text)
                  003f8b68    00000015     DSP281x_MemCopy.obj (.text)
                  003f8b7d    00000012     DSP281x_Adc.obj (.text)
                  003f8b8f    00000010     rts2800_ml.lib : u_tofs.obj (.text)
                  003f8b9f    00000009                    : _lock.obj (.text)
                  003f8ba8    00000008     DSP281x_CodeStartBranch.obj (.text)
                  003f8bb0    00000005     rts2800_ml.lib : fs_neg.obj (.text)

.cinit     0    003f8bb5    000003dd     
                  003f8bb5    000003c3     D-STATCOM_Main_ByLee.obj (.cinit)
                  003f8f78    0000000a     rts2800_ml.lib : _lock.obj (.cinit)
                  003f8f82    0000000a                    : exit.obj (.cinit)
                  003f8f8c    00000004                    : errno.obj (.cinit)
                  003f8f90    00000002     --HOLE-- [fill = 0]

IQmath     0    003f8f92    00000045     
                  003f8f92    00000031     IQmath.lib : IQ24sin.obj (IQmath)
                  003f8fc3    00000014                : IQ24toF.obj (IQmath)

ramfuncs   0    003f8fd7    0000001b     
                  003f8fd7    00000017     DSP281x_SysCtrl.obj (ramfuncs)
                  003f8fee    00000004     DSP281x_usDelay.obj (ramfuncs)

IQmathTables 
*          0    003ff000    00000b50     NOLOAD SECTION
                  003ff000    00000b50     IQmath.lib : IQmathTables.ob (IQmathTables)

.reset     0    003fffc0    00000002     DSECT
                  003fffc0    00000002     rts2800_ml.lib : boot.obj (.reset)

.stack     1    00000400    00000400     UNINITIALIZED
                  00000400    00000400     --HOLE--

DevEmuRegsFile 
*          1    00000880    000000d2     UNINITIALIZED
                  00000880    000000d2     DSP281x_GlobalVariableDefs.obj (DevEmuRegsFile)

FlashRegsFile 
*          1    00000a80    00000008     UNINITIALIZED
                  00000a80    00000008     DSP281x_GlobalVariableDefs.obj (FlashRegsFile)

CsmRegsFile 
*          1    00000ae0    00000010     UNINITIALIZED
                  00000ae0    00000010     DSP281x_GlobalVariableDefs.obj (CsmRegsFile)

XintfRegsFile 
*          1    00000b20    00000020     UNINITIALIZED
                  00000b20    00000020     DSP281x_GlobalVariableDefs.obj (XintfRegsFile)

CpuTimer0RegsFile 
*          1    00000c00    00000008     UNINITIALIZED
                  00000c00    00000008     DSP281x_GlobalVariableDefs.obj (CpuTimer0RegsFile)

PieCtrlRegsFile 
*          1    00000ce0    0000001a     UNINITIALIZED
                  00000ce0    0000001a     DSP281x_GlobalVariableDefs.obj (PieCtrlRegsFile)

PieVectTableFile 
*          1    00000d00    00000100     UNINITIALIZED
                  00000d00    00000100     DSP281x_GlobalVariableDefs.obj (PieVectTableFile)

ECanaRegsFile 
*          1    00006000    00000034     UNINITIALIZED
                  00006000    00000034     DSP281x_GlobalVariableDefs.obj (ECanaRegsFile)

ECanaLAMRegsFile 
*          1    00006040    00000040     UNINITIALIZED
                  00006040    00000040     DSP281x_GlobalVariableDefs.obj (ECanaLAMRegsFile)

ECanaMOTSRegsFile 
*          1    00006080    00000040     UNINITIALIZED
                  00006080    00000040     DSP281x_GlobalVariableDefs.obj (ECanaMOTSRegsFile)

ECanaMOTORegsFile 
*          1    000060c0    00000040     UNINITIALIZED
                  000060c0    00000040     DSP281x_GlobalVariableDefs.obj (ECanaMOTORegsFile)

ECanaMboxesFile 
*          1    00006100    00000100     UNINITIALIZED
                  00006100    00000100     DSP281x_GlobalVariableDefs.obj (ECanaMboxesFile)

SysCtrlRegsFile 
*          1    00007010    00000020     UNINITIALIZED
                  00007010    00000020     DSP281x_GlobalVariableDefs.obj (SysCtrlRegsFile)

SpiaRegsFile 
*          1    00007040    00000010     UNINITIALIZED
                  00007040    00000010     DSP281x_GlobalVariableDefs.obj (SpiaRegsFile)

SciaRegsFile 
*          1    00007050    00000010     UNINITIALIZED
                  00007050    00000010     DSP281x_GlobalVariableDefs.obj (SciaRegsFile)

XIntruptRegsFile 
*          1    00007070    00000010     UNINITIALIZED
                  00007070    00000010     DSP281x_GlobalVariableDefs.obj (XIntruptRegsFile)

GpioMuxRegsFile 
*          1    000070c0    00000020     UNINITIALIZED
                  000070c0    00000020     DSP281x_GlobalVariableDefs.obj (GpioMuxRegsFile)

GpioDataRegsFile 
*          1    000070e0    00000020     UNINITIALIZED
                  000070e0    00000020     DSP281x_GlobalVariableDefs.obj (GpioDataRegsFile)

AdcRegsFile 
*          1    00007100    0000001a     UNINITIALIZED
                  00007100    0000001a     DSP281x_GlobalVariableDefs.obj (AdcRegsFile)

EvaRegsFile 
*          1    00007400    00000032     UNINITIALIZED
                  00007400    00000032     DSP281x_GlobalVariableDefs.obj (EvaRegsFile)

EvbRegsFile 
*          1    00007500    00000032     UNINITIALIZED
                  00007500    00000032     DSP281x_GlobalVariableDefs.obj (EvbRegsFile)

ScibRegsFile 
*          1    00007750    00000010     UNINITIALIZED
                  00007750    00000010     DSP281x_GlobalVariableDefs.obj (ScibRegsFile)

McbspaRegsFile 
*          1    00007800    00000025     UNINITIALIZED
                  00007800    00000025     DSP281x_GlobalVariableDefs.obj (McbspaRegsFile)

CsmPwlFile 
*          1    003f7ff8    00000008     UNINITIALIZED
                  003f7ff8    00000008     DSP281x_GlobalVariableDefs.obj (CsmPwlFile)

.ebss      1    003f9028    0000041e     UNINITIALIZED
                  003f9028    00000004     rts2800_ml.lib : _lock.obj (.ebss)
                  003f902c    00000004                    : exit.obj (.ebss)
                  003f9030    00000001                    : errno.obj (.ebss)
                  003f9031    0000000f     --HOLE--
                  003f9040    00000406     D-STATCOM_Main_ByLee.obj (.ebss)

.econst    1    003f9446    00000104     
                  003f9446    00000100     DSP281x_PieVect.obj (.econst)
                  003f9546    00000004     D-STATCOM_Main_ByLee.obj (.econst)


GLOBAL SYMBOLS: SORTED ALPHABETICALLY BY Name 

address    name
--------   ----
003f8002   .text
003f8b38   C$$EXIT
003f86f9   FD$$MPY
003f8aab   FD$$TOL
003f8886   FS$$ADD
003f8b51   FS$$CMP
003f877c   FS$$DIV
003f88f9   FS$$MPY
003f8bb0   FS$$NEG
003f8881   FS$$SUB
003f8ae7   FS$$TOFD
003f8aca   FS$$TOU
003f8b1e   I$$TOFS
003f8b8f   U$$TOFS
003f9140   _AD
003f861d   _ADCINT_ISR
003f82b2   _ADCSmplePro
003f829a   _ADC_SampleINT
003f8268   _ADC_T1TOADC_isr
003f906a   _ADREG
003f9064   _AD_CHIPSEL0
003f906e   _AD_CHIPSEL1
003f9062   _AD_CONVST
003f9042   _AD_corrention_flag
003f9044   _ADflag
00007100   _AdcRegs
003f8663   _CAPINT1_ISR
003f8668   _CAPINT2_ISR
003f866d   _CAPINT3_ISR
003f86a9   _CAPINT4_ISR
003f86ae   _CAPINT5_ISR
003f86b3   _CAPINT6_ISR
003f862c   _CMP1INT_ISR
003f8631   _CMP2INT_ISR
003f8636   _CMP3INT_ISR
003f8672   _CMP4INT_ISR
003f8677   _CMP5INT_ISR
003f867c   _CMP6INT_ISR
00000c00   _CpuTimer0Regs
003f7ff8   _CsmPwl
00000ae0   _CsmRegs
003f8850   _CsmUnlock
003f85b4   _DATALOG_ISR
003f8fee   _DSP28x_usDelay
00000880   _DevEmuRegs
003f8811   _DisableDog
003f86e0   _ECAN0INTA_ISR
003f86e5   _ECAN1INTA_ISR
00006040   _ECanaLAMRegs
000060c0   _ECanaMOTORegs
00006080   _ECanaMOTSRegs
00006100   _ECanaMboxes
00006000   _ECanaRegs
003f86ea   _EMPTY_ISR
003f85be   _EMUINT_ISR
003f8a82   _EnableInterrupts
00007400   _EvaRegs
00007500   _EvbRegs
00000a80   _FlashRegs
000070e0   _GpioDataRegs
000070c0   _GpioMuxRegs
003f905a   _I1
003f9058   _I1_offset
003f9050   _I1_offset_temp
003f9046   _I2
003f905e   _I2_offset
003f904e   _I2_offset_temp
003f85c8   _ILLEGAL_ISR
003f85aa   _INT13_ISR
003f85af   _INT14_ISR
003ffad8   _IQ10mpyRndSatTable
003ffacc   _IQ11mpyRndSatTable
003ffac0   _IQ12mpyRndSatTable
003ffab4   _IQ13mpyRndSatTable
003ffaa8   _IQ14mpyRndSatTable
003ffa9c   _IQ15mpyRndSatTable
003ffa90   _IQ16mpyRndSatTable
003ffa84   _IQ17mpyRndSatTable
003ffa78   _IQ18mpyRndSatTable
003ffa6c   _IQ19mpyRndSatTable
003ffb44   _IQ1mpyRndSatTable
003ffa60   _IQ20mpyRndSatTable
003ffa54   _IQ21mpyRndSatTable
003ffa48   _IQ22mpyRndSatTable
003ffa3c   _IQ23mpyRndSatTable
003ffa30   _IQ24mpyRndSatTable
003ffa24   _IQ25mpyRndSatTable
003ffa18   _IQ26mpyRndSatTable
003ffa0c   _IQ27mpyRndSatTable
003ffa00   _IQ28mpyRndSatTable
003ff9f4   _IQ29mpyRndSatTable
003ffb38   _IQ2mpyRndSatTable
003ff9e8   _IQ30mpyRndSatTable
003ffb2c   _IQ3mpyRndSatTable
003ffb20   _IQ4mpyRndSatTable
003ffb14   _IQ5mpyRndSatTable
003ffb08   _IQ6mpyRndSatTable
003ffafc   _IQ7mpyRndSatTable
003ffaf0   _IQ8mpyRndSatTable
003ffae4   _IQ9mpyRndSatTable
003ff824   _IQatan2HalfPITable
003ff862   _IQatan2Table
003ff9e8   _IQatan2TableEnd
003ff100   _IQcosTable
003ff502   _IQcosTableEnd
003ff502   _IQdivRoundSatTable
003ff510   _IQdivTable
003ff712   _IQdivTableEnd
003ff712   _IQisqrtRoundSatTable
003ff722   _IQisqrtTable
003ff824   _IQisqrtTableEnd
003ff9e8   _IQmpyRndSatTable
003ffb50   _IQmpyRndSatTableEnd
003ff000   _IQsinTable
003ff400   _IQsinTableEnd
003ff712   _IQsqrtRoundSatTable
003ff722   _IQsqrtTable
003ff824   _IQsqrtTableEnd
003f8b7d   _InitAdc
003f8fd7   _InitFlash
003f8a28   _InitGpio
003f8836   _InitPeripheralClocks
003f8a63   _InitPieCtrl
003f8a8b   _InitPieVectTable
003f8819   _InitPll
003f9041   _InitPoint
003f87ff   _InitSysCtrl
003f8a35   _Init_Gpio
003f8807   _KickDog
003f86c2   _MRINTA_ISR
003f86c7   _MXINTA_ISR
00007800   _McbspaRegs
003f8b68   _MemCopy
003f85c3   _NMI_ISR
003f8609   _PDPINTA_ISR
003f860e   _PDPINTB_ISR
003f86ef   _PIE_RESERVED
003f90e4   _PI_Ia
003f90d2   _PI_Ib
003f9100   _PI_Ic
003f90c0   _PI_Ud
003f90a6   _PI_Uq
00000ce0   _PieCtrlRegs
00000d00   _PieVectTable
003f9446   _PieVectTableInit
003f85b9   _RTOSINT_ISR
003f86cc   _SCIRXINTA_ISR
003f86d6   _SCIRXINTB_ISR
003f86d1   _SCITXINTA_ISR
003f86db   _SCITXINTB_ISR
003f86b8   _SPIRXINTA_ISR
003f86bd   _SPITXINTA_ISR
00007050   _SciaRegs
00007750   _ScibRegs
00007040   _SpiaRegs
00007010   _SysCtrlRegs
003f8640   _T1CINT_ISR
003f864a   _T1OFINT_ISR
003f863b   _T1PINT_ISR
003f8645   _T1UFINT_ISR
003f8654   _T2CINT_ISR
003f865e   _T2OFINT_ISR
003f864f   _T2PINT_ISR
003f8659   _T2UFINT_ISR
003f8686   _T3CINT_ISR
003f8690   _T3OFINT_ISR
003f8681   _T3PINT_ISR
003f868b   _T3UFINT_ISR
003f869a   _T4CINT_ISR
003f86a4   _T4OFINT_ISR
003f8695   _T4PINT_ISR
003f869f   _T4UFINT_ISR
003f8622   _TINT0_ISR
003f9066   _U1
003f9048   _U1_offset
003f905c   _U1_offset_temp
003f9068   _U2
003f904c   _U2_offset
003f9060   _U2_offset_temp
003f85fa   _USER10_ISR
003f85ff   _USER11_ISR
003f8604   _USER12_ISR
003f85cd   _USER1_ISR
003f85d2   _USER2_ISR
003f85d7   _USER3_ISR
003f85dc   _USER4_ISR
003f85e1   _USER5_ISR
003f85e6   _USER6_ISR
003f85eb   _USER7_ISR
003f85f0   _USER8_ISR
003f85f5   _USER9_ISR
003f9056   _Ua_pwm
003f9052   _Ub_pwm
003f9054   _Uc_pwm
003f904a   _Udc
003f8627   _WAKEINT_ISR
003f8613   _XINT1_ISR
003f8618   _XINT2_ISR
00007070   _XIntruptRegs
00000b20   _XintfRegs
003f8f92   __IQ24sin
003f8fc3   __IQ24toF
00000800   __STACK_END
00000400   __STACK_SIZE
00000001   __TI_args_main
ffffffff   ___binit__
ffffffff   ___c_args__
003f8bb5   ___cinit__
003f8bb5   ___etext__
ffffffff   ___pinit__
003f8002   ___text__
003f8b03   __args_main
003f902c   __cleanup_ptr
003f902e   __dtors_ptr
003f902a   __lock
003f8ba7   __nop
003f8ba3   __register_lock
003f8b9f   __register_unlock
00000400   __stack
003f9028   __unlock
003f8b38   _abort
003f90a0   _ac
003f8020   _anticlarke_calc
003f807d   _antipark_calc
003f9084   _ap
003f9088   _c2
003f9078   _c_I
003f907c   _c_U
003f89a3   _c_int00
003f8002   _clarke_calc
003f9040   _cnt
003f9030   _errno
003f8b3a   _exit
003f844b   _inverter_pll_calc
003f9094   _ip
003f909a   _l2p_U
003f89e7   _ldexp
003f80a6   _line_to_phase
003f810e   _main
003f9090   _p_I
003f9080   _p_U
003f8054   _park_calc
003f853c   _pi_calc
003f9070   _pll2
003f908c   _pll_I
003f9074   _pll_U
003f80e6   _pll_calc
003f86f4   _rsvd_ISR
003f906c   _sample_time
003f8953   _sqrt
003f9043   _x
ffffffff   binit
003f8bb5   cinit
003f8bb5   etext
ffffffff   pinit


GLOBAL SYMBOLS: SORTED BY Symbol Address 

address    name
--------   ----
00000001   __TI_args_main
00000400   __STACK_SIZE
00000400   __stack
00000800   __STACK_END
00000880   _DevEmuRegs
00000a80   _FlashRegs
00000ae0   _CsmRegs
00000b20   _XintfRegs
00000c00   _CpuTimer0Regs
00000ce0   _PieCtrlRegs
00000d00   _PieVectTable
00006000   _ECanaRegs
00006040   _ECanaLAMRegs
00006080   _ECanaMOTSRegs
000060c0   _ECanaMOTORegs
00006100   _ECanaMboxes
00007010   _SysCtrlRegs
00007040   _SpiaRegs
00007050   _SciaRegs
00007070   _XIntruptRegs
000070c0   _GpioMuxRegs
000070e0   _GpioDataRegs
00007100   _AdcRegs
00007400   _EvaRegs
00007500   _EvbRegs
00007750   _ScibRegs
00007800   _McbspaRegs
003f7ff8   _CsmPwl
003f8002   .text
003f8002   ___text__
003f8002   _clarke_calc
003f8020   _anticlarke_calc
003f8054   _park_calc
003f807d   _antipark_calc
003f80a6   _line_to_phase
003f80e6   _pll_calc
003f810e   _main
003f8268   _ADC_T1TOADC_isr
003f829a   _ADC_SampleINT
003f82b2   _ADCSmplePro
003f844b   _inverter_pll_calc
003f853c   _pi_calc
003f85aa   _INT13_ISR
003f85af   _INT14_ISR
003f85b4   _DATALOG_ISR
003f85b9   _RTOSINT_ISR
003f85be   _EMUINT_ISR
003f85c3   _NMI_ISR
003f85c8   _ILLEGAL_ISR
003f85cd   _USER1_ISR
003f85d2   _USER2_ISR
003f85d7   _USER3_ISR
003f85dc   _USER4_ISR
003f85e1   _USER5_ISR
003f85e6   _USER6_ISR
003f85eb   _USER7_ISR
003f85f0   _USER8_ISR
003f85f5   _USER9_ISR
003f85fa   _USER10_ISR
003f85ff   _USER11_ISR
003f8604   _USER12_ISR
003f8609   _PDPINTA_ISR
003f860e   _PDPINTB_ISR
003f8613   _XINT1_ISR
003f8618   _XINT2_ISR
003f861d   _ADCINT_ISR
003f8622   _TINT0_ISR
003f8627   _WAKEINT_ISR
003f862c   _CMP1INT_ISR
003f8631   _CMP2INT_ISR
003f8636   _CMP3INT_ISR
003f863b   _T1PINT_ISR
003f8640   _T1CINT_ISR
003f8645   _T1UFINT_ISR
003f864a   _T1OFINT_ISR
003f864f   _T2PINT_ISR
003f8654   _T2CINT_ISR
003f8659   _T2UFINT_ISR
003f865e   _T2OFINT_ISR
003f8663   _CAPINT1_ISR
003f8668   _CAPINT2_ISR
003f866d   _CAPINT3_ISR
003f8672   _CMP4INT_ISR
003f8677   _CMP5INT_ISR
003f867c   _CMP6INT_ISR
003f8681   _T3PINT_ISR
003f8686   _T3CINT_ISR
003f868b   _T3UFINT_ISR
003f8690   _T3OFINT_ISR
003f8695   _T4PINT_ISR
003f869a   _T4CINT_ISR
003f869f   _T4UFINT_ISR
003f86a4   _T4OFINT_ISR
003f86a9   _CAPINT4_ISR
003f86ae   _CAPINT5_ISR
003f86b3   _CAPINT6_ISR
003f86b8   _SPIRXINTA_ISR
003f86bd   _SPITXINTA_ISR
003f86c2   _MRINTA_ISR
003f86c7   _MXINTA_ISR
003f86cc   _SCIRXINTA_ISR
003f86d1   _SCITXINTA_ISR
003f86d6   _SCIRXINTB_ISR
003f86db   _SCITXINTB_ISR
003f86e0   _ECAN0INTA_ISR
003f86e5   _ECAN1INTA_ISR
003f86ea   _EMPTY_ISR
003f86ef   _PIE_RESERVED
003f86f4   _rsvd_ISR
003f86f9   FD$$MPY
003f877c   FS$$DIV
003f87ff   _InitSysCtrl
003f8807   _KickDog
003f8811   _DisableDog
003f8819   _InitPll
003f8836   _InitPeripheralClocks
003f8850   _CsmUnlock
003f8881   FS$$SUB
003f8886   FS$$ADD
003f88f9   FS$$MPY
003f8953   _sqrt
003f89a3   _c_int00
003f89e7   _ldexp
003f8a28   _InitGpio
003f8a35   _Init_Gpio
003f8a63   _InitPieCtrl
003f8a82   _EnableInterrupts
003f8a8b   _InitPieVectTable
003f8aab   FD$$TOL
003f8aca   FS$$TOU
003f8ae7   FS$$TOFD
003f8b03   __args_main
003f8b1e   I$$TOFS
003f8b38   C$$EXIT
003f8b38   _abort
003f8b3a   _exit
003f8b51   FS$$CMP
003f8b68   _MemCopy
003f8b7d   _InitAdc
003f8b8f   U$$TOFS
003f8b9f   __register_unlock
003f8ba3   __register_lock
003f8ba7   __nop
003f8bb0   FS$$NEG
003f8bb5   ___cinit__
003f8bb5   ___etext__
003f8bb5   cinit
003f8bb5   etext
003f8f92   __IQ24sin
003f8fc3   __IQ24toF
003f8fd7   _InitFlash
003f8fee   _DSP28x_usDelay
003f9028   __unlock
003f902a   __lock
003f902c   __cleanup_ptr
003f902e   __dtors_ptr
003f9030   _errno
003f9040   _cnt
003f9041   _InitPoint
003f9042   _AD_corrention_flag
003f9043   _x
003f9044   _ADflag
003f9046   _I2
003f9048   _U1_offset
003f904a   _Udc
003f904c   _U2_offset
003f904e   _I2_offset_temp
003f9050   _I1_offset_temp
003f9052   _Ub_pwm
003f9054   _Uc_pwm
003f9056   _Ua_pwm
003f9058   _I1_offset
003f905a   _I1
003f905c   _U1_offset_temp
003f905e   _I2_offset
003f9060   _U2_offset_temp
003f9062   _AD_CONVST
003f9064   _AD_CHIPSEL0
003f9066   _U1
003f9068   _U2
003f906a   _ADREG
003f906c   _sample_time
003f906e   _AD_CHIPSEL1
003f9070   _pll2
003f9074   _pll_U
003f9078   _c_I
003f907c   _c_U
003f9080   _p_U
003f9084   _ap
003f9088   _c2
003f908c   _pll_I
003f9090   _p_I
003f9094   _ip
003f909a   _l2p_U
003f90a0   _ac
003f90a6   _PI_Uq
003f90c0   _PI_Ud
003f90d2   _PI_Ib
003f90e4   _PI_Ia
003f9100   _PI_Ic
003f9140   _AD
003f9446   _PieVectTableInit
003ff000   _IQsinTable
003ff100   _IQcosTable
003ff400   _IQsinTableEnd
003ff502   _IQcosTableEnd
003ff502   _IQdivRoundSatTable
003ff510   _IQdivTable
003ff712   _IQdivTableEnd
003ff712   _IQisqrtRoundSatTable
003ff712   _IQsqrtRoundSatTable
003ff722   _IQisqrtTable
003ff722   _IQsqrtTable
003ff824   _IQatan2HalfPITable
003ff824   _IQisqrtTableEnd
003ff824   _IQsqrtTableEnd
003ff862   _IQatan2Table
003ff9e8   _IQ30mpyRndSatTable
003ff9e8   _IQatan2TableEnd
003ff9e8   _IQmpyRndSatTable
003ff9f4   _IQ29mpyRndSatTable
003ffa00   _IQ28mpyRndSatTable
003ffa0c   _IQ27mpyRndSatTable
003ffa18   _IQ26mpyRndSatTable
003ffa24   _IQ25mpyRndSatTable
003ffa30   _IQ24mpyRndSatTable
003ffa3c   _IQ23mpyRndSatTable
003ffa48   _IQ22mpyRndSatTable
003ffa54   _IQ21mpyRndSatTable
003ffa60   _IQ20mpyRndSatTable
003ffa6c   _IQ19mpyRndSatTable
003ffa78   _IQ18mpyRndSatTable
003ffa84   _IQ17mpyRndSatTable
003ffa90   _IQ16mpyRndSatTable
003ffa9c   _IQ15mpyRndSatTable
003ffaa8   _IQ14mpyRndSatTable
003ffab4   _IQ13mpyRndSatTable
003ffac0   _IQ12mpyRndSatTable
003ffacc   _IQ11mpyRndSatTable
003ffad8   _IQ10mpyRndSatTable
003ffae4   _IQ9mpyRndSatTable
003ffaf0   _IQ8mpyRndSatTable
003ffafc   _IQ7mpyRndSatTable
003ffb08   _IQ6mpyRndSatTable
003ffb14   _IQ5mpyRndSatTable
003ffb20   _IQ4mpyRndSatTable
003ffb2c   _IQ3mpyRndSatTable
003ffb38   _IQ2mpyRndSatTable
003ffb44   _IQ1mpyRndSatTable
003ffb50   _IQmpyRndSatTableEnd
ffffffff   ___binit__
ffffffff   ___c_args__
ffffffff   ___pinit__
ffffffff   binit
ffffffff   pinit

[255 symbols]
