******************************************************************************
             TMS320C2000 Linker PC v5.2.3                      
******************************************************************************
>> Linked Fri Jun 12 13:52:30 2015

OUTPUT FILE NAME:   <D-STATCOM_ByLee.out>
ENTRY POINT SYMBOL: "_c_int00"  address: 003f8b65


MEMORY CONFIGURATION

         name            origin    length      used     unused   attr    fill
----------------------  --------  ---------  --------  --------  ----  --------
PAGE 0:
  RAMM0                 00000000   00000400  00000000  00000400  RWIX
  BEGIN                 003f8000   00000002  00000002  00000000  RWIX
  PRAMH0                003f8002   00000ffe  00000dfd  00000201  RWIX
  BOOTROM               003ff000   00000fc0  00000b50  00000470  RW  
  RESET                 003fffc0   00000002  00000000  00000002  RWIX

PAGE 1:
  RAMM1                 00000400   00000400  00000400  00000000  RWIX
  DEV_EMU               00000880   00000180  000000d2  000000ae  RWIX
  FLASH_REGS            00000a80   00000060  00000008  00000058  RWIX
  CSM                   00000ae0   00000010  00000010  00000000  RWIX
  XINTF                 00000b20   00000020  00000020  00000000  RWIX
  CPU_TIMER0            00000c00   00000008  00000008  00000000  RWIX
  PIE_CTRL              00000ce0   00000020  0000001a  00000006  RWIX
  PIE_VECT              00000d00   00000100  00000100  00000000  RWIX
  ECANA                 00006000   00000040  00000034  0000000c  RWIX
  ECANA_LAM             00006040   00000040  00000040  00000000  RWIX
  ECANA_MOTS            00006080   00000040  00000040  00000000  RWIX
  ECANA_MOTO            000060c0   00000040  00000040  00000000  RWIX
  ECANA_MBOX            00006100   00000100  00000100  00000000  RWIX
  SYSTEM                00007010   00000020  00000020  00000000  RWIX
  SPIA                  00007040   00000010  00000010  00000000  RWIX
  SCIA                  00007050   00000010  00000010  00000000  RWIX
  XINTRUPT              00007070   00000010  00000010  00000000  RWIX
  GPIOMUX               000070c0   00000020  00000020  00000000  RWIX
  GPIODAT               000070e0   00000020  00000020  00000000  RWIX
  ADC                   00007100   00000020  0000001a  00000006  RWIX
  EVA                   00007400   00000040  00000032  0000000e  RWIX
  EVB                   00007500   00000040  00000032  0000000e  RWIX
  SCIB                  00007750   00000010  00000010  00000000  RWIX
  MCBSPA                00007800   00000040  00000025  0000001b  RWIX
  DSRAM                 00100000   00010000  000003eb  0000fc15  RWIX
  CSM_PWL               003f7ff8   00000008  00000008  00000000  RWIX
  DRAMH0                003f9028   00000fd8  000004e2  00000af6  RWIX


SECTION ALLOCATION MAP

 output                                  attributes/
section   page    origin      length       input sections
--------  ----  ----------  ----------   ----------------
.pinit     0    003f8002    00000000     UNINITIALIZED

codestart 
*          0    003f8000    00000002     
                  003f8000    00000002     DSP281x_CodeStartBranch.obj (codestart)

.text      0    003f8002    00000db8     
                  003f8002    000006ab     DVR_Main_ByLee.obj (.text)
                  003f86ad    0000014f     DSP281x_DefaultIsr.obj (.text)
                  003f87fc    000000bf     DSP281x_Mcbsp.obj (.text)
                  003f88bb    00000083     rts2800_ml.lib : fd_mpy.obj (.text)
                  003f893e    00000083                    : fs_div.obj (.text)
                  003f89c1    00000082     DSP281x_SysCtrl.obj (.text)
                  003f8a43    00000078     rts2800_ml.lib : fs_add.obj (.text)
                  003f8abb    0000005a                    : fs_mpy.obj (.text)
                  003f8b15    00000050                    : sqrt.obj (.text)
                  003f8b65    00000044                    : boot.obj (.text)
                  003f8ba9    00000041                    : ldexp.obj (.text)
                  003f8bea    0000003b     DSP281x_Gpio.obj (.text)
                  003f8c25    00000029     rts2800_ml.lib : fs_tol.obj (.text)
                  003f8c4e    00000028     DSP281x_PieCtrl.obj (.text)
                  003f8c76    00000020     DSP281x_PieVect.obj (.text)
                  003f8c96    0000001f     rts2800_ml.lib : fd_tol.obj (.text)
                  003f8cb5    0000001d                    : fs_tou.obj (.text)
                  003f8cd2    0000001c                    : fs_tofd.obj (.text)
                  003f8cee    0000001b                    : args_main.obj (.text)
                  003f8d09    0000001a                    : i_tofs.obj (.text)
                  003f8d23    0000001a                    : l_tofs.obj (.text)
                  003f8d3d    00000019                    : exit.obj (.text)
                  003f8d56    00000017                    : fs_cmp.obj (.text)
                  003f8d6d    00000015     DSP281x_MemCopy.obj (.text)
                  003f8d82    00000012     DSP281x_Adc.obj (.text)
                  003f8d94    00000010     rts2800_ml.lib : u_tofs.obj (.text)
                  003f8da4    00000009                    : _lock.obj (.text)
                  003f8dad    00000008     DSP281x_CodeStartBranch.obj (.text)
                  003f8db5    00000005     rts2800_ml.lib : fs_neg.obj (.text)

IQmath     0    003f8dba    00000045     
                  003f8dba    00000031     IQmath.lib : IQ15sin.obj (IQmath)
                  003f8deb    00000014                : IQ15toF.obj (IQmath)

IQmathTables 
*          0    003ff000    00000b50     NOLOAD SECTION
                  003ff000    00000b50     IQmath.lib : IQmathTables.ob (IQmathTables)

.reset     0    003fffc0    00000002     DSECT
                  003fffc0    00000002     rts2800_ml.lib : boot.obj (.reset)

.stack     1    00000400    00000400     UNINITIALIZED
                  00000400    00000400     --HOLE--

DevEmuRegsFile 
*          1    00000880    000000d2     UNINITIALIZED
                  00000880    000000d2     DSP281x_GlobalVariableDefs.obj (DevEmuRegsFile)

FlashRegsFile 
*          1    00000a80    00000008     UNINITIALIZED
                  00000a80    00000008     DSP281x_GlobalVariableDefs.obj (FlashRegsFile)

CsmRegsFile 
*          1    00000ae0    00000010     UNINITIALIZED
                  00000ae0    00000010     DSP281x_GlobalVariableDefs.obj (CsmRegsFile)

XintfRegsFile 
*          1    00000b20    00000020     UNINITIALIZED
                  00000b20    00000020     DSP281x_GlobalVariableDefs.obj (XintfRegsFile)

CpuTimer0RegsFile 
*          1    00000c00    00000008     UNINITIALIZED
                  00000c00    00000008     DSP281x_GlobalVariableDefs.obj (CpuTimer0RegsFile)

PieCtrlRegsFile 
*          1    00000ce0    0000001a     UNINITIALIZED
                  00000ce0    0000001a     DSP281x_GlobalVariableDefs.obj (PieCtrlRegsFile)

PieVectTableFile 
*          1    00000d00    00000100     UNINITIALIZED
                  00000d00    00000100     DSP281x_GlobalVariableDefs.obj (PieVectTableFile)

ECanaRegsFile 
*          1    00006000    00000034     UNINITIALIZED
                  00006000    00000034     DSP281x_GlobalVariableDefs.obj (ECanaRegsFile)

ECanaLAMRegsFile 
*          1    00006040    00000040     UNINITIALIZED
                  00006040    00000040     DSP281x_GlobalVariableDefs.obj (ECanaLAMRegsFile)

ECanaMOTSRegsFile 
*          1    00006080    00000040     UNINITIALIZED
                  00006080    00000040     DSP281x_GlobalVariableDefs.obj (ECanaMOTSRegsFile)

ECanaMOTORegsFile 
*          1    000060c0    00000040     UNINITIALIZED
                  000060c0    00000040     DSP281x_GlobalVariableDefs.obj (ECanaMOTORegsFile)

ECanaMboxesFile 
*          1    00006100    00000100     UNINITIALIZED
                  00006100    00000100     DSP281x_GlobalVariableDefs.obj (ECanaMboxesFile)

SysCtrlRegsFile 
*          1    00007010    00000020     UNINITIALIZED
                  00007010    00000020     DSP281x_GlobalVariableDefs.obj (SysCtrlRegsFile)

SpiaRegsFile 
*          1    00007040    00000010     UNINITIALIZED
                  00007040    00000010     DSP281x_GlobalVariableDefs.obj (SpiaRegsFile)

SciaRegsFile 
*          1    00007050    00000010     UNINITIALIZED
                  00007050    00000010     DSP281x_GlobalVariableDefs.obj (SciaRegsFile)

XIntruptRegsFile 
*          1    00007070    00000010     UNINITIALIZED
                  00007070    00000010     DSP281x_GlobalVariableDefs.obj (XIntruptRegsFile)

GpioMuxRegsFile 
*          1    000070c0    00000020     UNINITIALIZED
                  000070c0    00000020     DSP281x_GlobalVariableDefs.obj (GpioMuxRegsFile)

GpioDataRegsFile 
*          1    000070e0    00000020     UNINITIALIZED
                  000070e0    00000020     DSP281x_GlobalVariableDefs.obj (GpioDataRegsFile)

AdcRegsFile 
*          1    00007100    0000001a     UNINITIALIZED
                  00007100    0000001a     DSP281x_GlobalVariableDefs.obj (AdcRegsFile)

EvaRegsFile 
*          1    00007400    00000032     UNINITIALIZED
                  00007400    00000032     DSP281x_GlobalVariableDefs.obj (EvaRegsFile)

EvbRegsFile 
*          1    00007500    00000032     UNINITIALIZED
                  00007500    00000032     DSP281x_GlobalVariableDefs.obj (EvbRegsFile)

ScibRegsFile 
*          1    00007750    00000010     UNINITIALIZED
                  00007750    00000010     DSP281x_GlobalVariableDefs.obj (ScibRegsFile)

McbspaRegsFile 
*          1    00007800    00000025     UNINITIALIZED
                  00007800    00000025     DSP281x_GlobalVariableDefs.obj (McbspaRegsFile)

.cinit     1    00100000    000003d0     
                  00100000    000003b6     DVR_Main_ByLee.obj (.cinit)
                  001003b6    0000000a     rts2800_ml.lib : _lock.obj (.cinit)
                  001003c0    0000000a                    : exit.obj (.cinit)
                  001003ca    00000004                    : errno.obj (.cinit)
                  001003ce    00000002     --HOLE-- [fill = 0]

ramfuncs   1    001003d0    0000001b     
                  001003d0    00000017     DSP281x_SysCtrl.obj (ramfuncs)
                  001003e7    00000004     DSP281x_usDelay.obj (ramfuncs)

CsmPwlFile 
*          1    003f7ff8    00000008     UNINITIALIZED
                  003f7ff8    00000008     DSP281x_GlobalVariableDefs.obj (CsmPwlFile)

.ebss      1    003f9028    000003de     UNINITIALIZED
                  003f9028    00000004     rts2800_ml.lib : _lock.obj (.ebss)
                  003f902c    00000004                    : exit.obj (.ebss)
                  003f9030    00000001                    : errno.obj (.ebss)
                  003f9031    0000000f     --HOLE--
                  003f9040    000003c6     DVR_Main_ByLee.obj (.ebss)

.econst    1    003f9406    00000104     
                  003f9406    00000100     DSP281x_PieVect.obj (.econst)
                  003f9506    00000004     DVR_Main_ByLee.obj (.econst)


GLOBAL SYMBOLS: SORTED ALPHABETICALLY BY Name 

address    name
--------   ----
003f8002   .text
003f8d3d   C$$EXIT
003f88bb   FD$$MPY
003f8c96   FD$$TOL
003f8a48   FS$$ADD
003f8d56   FS$$CMP
003f893e   FS$$DIV
003f8abb   FS$$MPY
003f8db5   FS$$NEG
003f8a43   FS$$SUB
003f8cd2   FS$$TOFD
003f8c25   FS$$TOL
003f8cb5   FS$$TOU
003f8d09   I$$TOFS
003f8d23   L$$TOFS
003f8d94   U$$TOFS
003f9100   _AD
003f8720   _ADCINT_ISR
003f837b   _ADCSmplePro
003f8363   _ADC_SampleINT
003f8331   _ADC_T1TOADC_isr
003f9064   _ADREG
003f9066   _AD_CHIPSEL0
003f9068   _AD_CHIPSEL1
003f9072   _AD_CONVST
003f9045   _AD_corrention_flag
003f9040   _ADflag
00007100   _AdcRegs
003f8766   _CAPINT1_ISR
003f876b   _CAPINT2_ISR
003f8770   _CAPINT3_ISR
003f87ac   _CAPINT4_ISR
003f87b1   _CAPINT5_ISR
003f87b6   _CAPINT6_ISR
003f872f   _CMP1INT_ISR
003f8734   _CMP2INT_ISR
003f8739   _CMP3INT_ISR
003f8775   _CMP4INT_ISR
003f877a   _CMP5INT_ISR
003f877f   _CMP6INT_ISR
00000c00   _CpuTimer0Regs
003f7ff8   _CsmPwl
00000ae0   _CsmRegs
003f8a12   _CsmUnlock
003f86b7   _DATALOG_ISR
001003e7   _DSP28x_usDelay
00000880   _DevEmuRegs
003f89d3   _DisableDog
003f87e3   _ECAN0INTA_ISR
003f87e8   _ECAN1INTA_ISR
00006040   _ECanaLAMRegs
000060c0   _ECanaMOTORegs
00006080   _ECanaMOTSRegs
00006100   _ECanaMboxes
00006000   _ECanaRegs
003f87ed   _EMPTY_ISR
003f86c1   _EMUINT_ISR
003f8c6d   _EnableInterrupts
00007400   _EvaRegs
00007500   _EvbRegs
00000a80   _FlashRegs
000070e0   _GpioDataRegs
000070c0   _GpioMuxRegs
003f9074   _I1
003f9054   _I1_offset
003f9062   _I1_offset_temp
003f906e   _I2
003f904a   _I2_offset
003f9060   _I2_offset_temp
003f9052   _I3
003f86cb   _ILLEGAL_ISR
003f86ad   _INT13_ISR
003f86b2   _INT14_ISR
003ffad8   _IQ10mpyRndSatTable
003ffacc   _IQ11mpyRndSatTable
003ffac0   _IQ12mpyRndSatTable
003ffab4   _IQ13mpyRndSatTable
003ffaa8   _IQ14mpyRndSatTable
003ffa9c   _IQ15mpyRndSatTable
003ffa90   _IQ16mpyRndSatTable
003ffa84   _IQ17mpyRndSatTable
003ffa78   _IQ18mpyRndSatTable
003ffa6c   _IQ19mpyRndSatTable
003ffb44   _IQ1mpyRndSatTable
003ffa60   _IQ20mpyRndSatTable
003ffa54   _IQ21mpyRndSatTable
003ffa48   _IQ22mpyRndSatTable
003ffa3c   _IQ23mpyRndSatTable
003ffa30   _IQ24mpyRndSatTable
003ffa24   _IQ25mpyRndSatTable
003ffa18   _IQ26mpyRndSatTable
003ffa0c   _IQ27mpyRndSatTable
003ffa00   _IQ28mpyRndSatTable
003ff9f4   _IQ29mpyRndSatTable
003ffb38   _IQ2mpyRndSatTable
003ff9e8   _IQ30mpyRndSatTable
003ffb2c   _IQ3mpyRndSatTable
003ffb20   _IQ4mpyRndSatTable
003ffb14   _IQ5mpyRndSatTable
003ffb08   _IQ6mpyRndSatTable
003ffafc   _IQ7mpyRndSatTable
003ffaf0   _IQ8mpyRndSatTable
003ffae4   _IQ9mpyRndSatTable
003ff824   _IQatan2HalfPITable
003ff862   _IQatan2Table
003ff9e8   _IQatan2TableEnd
003ff100   _IQcosTable
003ff502   _IQcosTableEnd
003ff502   _IQdivRoundSatTable
003ff510   _IQdivTable
003ff712   _IQdivTableEnd
003ff712   _IQisqrtRoundSatTable
003ff722   _IQisqrtTable
003ff824   _IQisqrtTableEnd
003ff9e8   _IQmpyRndSatTable
003ffb50   _IQmpyRndSatTableEnd
003ff000   _IQsinTable
003ff400   _IQsinTableEnd
003ff712   _IQsqrtRoundSatTable
003ff722   _IQsqrtTable
003ff824   _IQsqrtTableEnd
003f8d82   _InitAdc
001003d0   _InitFlash
003f8bea   _InitGpio
003f880e   _InitMcbsp
003f87fc   _InitMcbspGpio
003f8842   _InitMcbspa12bit
003f884d   _InitMcbspa16bit
003f8858   _InitMcbspa20bit
003f8863   _InitMcbspa24bit
003f886e   _InitMcbspa32bit
003f883b   _InitMcbspa8bit
003f89f8   _InitPeripheralClocks
003f8c4e   _InitPieCtrl
003f8c76   _InitPieVectTable
003f89db   _InitPll
003f9042   _InitPoint
003f89c1   _InitSysCtrl
003f8bf7   _Init_Gpio
003f89c9   _KickDog
003f87c5   _MRINTA_ISR
003f87ca   _MXINTA_ISR
00007800   _McbspaRegs
003f8d6d   _MemCopy
003f86c6   _NMI_ISR
003f870c   _PDPINTA_ISR
003f8711   _PDPINTB_ISR
003f87f2   _PIE_RESERVED
003f90d2   _PI_Id
003f90e4   _PI_Iq
003f90c0   _PI_Ud
003f90ae   _PI_Uq
00000ce0   _PieCtrlRegs
00000d00   _PieVectTable
003f9406   _PieVectTableInit
003f86bc   _RTOSINT_ISR
003f87cf   _SCIRXINTA_ISR
003f87d9   _SCIRXINTB_ISR
003f87d4   _SCITXINTA_ISR
003f87de   _SCITXINTB_ISR
003f87bb   _SPIRXINTA_ISR
003f87c0   _SPITXINTA_ISR
00007050   _SciaRegs
00007750   _ScibRegs
00007040   _SpiaRegs
00007010   _SysCtrlRegs
003f8743   _T1CINT_ISR
003f874d   _T1OFINT_ISR
003f873e   _T1PINT_ISR
003f8748   _T1UFINT_ISR
003f8757   _T2CINT_ISR
003f8761   _T2OFINT_ISR
003f8752   _T2PINT_ISR
003f875c   _T2UFINT_ISR
003f8789   _T3CINT_ISR
003f8793   _T3OFINT_ISR
003f8784   _T3PINT_ISR
003f878e   _T3UFINT_ISR
003f879d   _T4CINT_ISR
003f87a7   _T4OFINT_ISR
003f8798   _T4PINT_ISR
003f87a2   _T4UFINT_ISR
003f8725   _TINT0_ISR
003f906c   _U1
003f9050   _U1_offset
003f9048   _U1_offset_temp
003f906a   _U2
003f9056   _U2_offset
003f904e   _U2_offset_temp
003f86fd   _USER10_ISR
003f8702   _USER11_ISR
003f8707   _USER12_ISR
003f86d0   _USER1_ISR
003f86d5   _USER2_ISR
003f86da   _USER3_ISR
003f86df   _USER4_ISR
003f86e4   _USER5_ISR
003f86e9   _USER6_ISR
003f86ee   _USER7_ISR
003f86f3   _USER8_ISR
003f86f8   _USER9_ISR
003f905a   _Ua_pwm
003f9058   _Ub_pwm
003f905c   _Uc_pwm
003f872a   _WAKEINT_ISR
003f8716   _XINT1_ISR
003f871b   _XINT2_ISR
00007070   _XIntruptRegs
00000b20   _XintfRegs
003f8dba   __IQ15sin
003f8deb   __IQ15toF
00000800   __STACK_END
00000400   __STACK_SIZE
00000001   __TI_args_main
ffffffff   ___binit__
ffffffff   ___c_args__
00100000   ___cinit__
003f8dba   ___etext__
ffffffff   ___pinit__
003f8002   ___text__
003f8cee   __args_main
003f902c   __cleanup_ptr
003f902e   __dtors_ptr
003f902a   __lock
003f8dac   __nop
003f8da8   __register_lock
003f8da4   __register_unlock
00000400   __stack
003f9028   __unlock
003f8d3d   _abort
003f90a8   _ac
003f8048   _anticlarke_calc
003f80f3   _antipark_calc
003f9088   _ap
003f9098   _c2
003f908c   _c_I
003f9080   _c_U
003f8b65   _c_int00
003f8002   _clarke_calc
003f8899   _clkg_delay_loop
003f9044   _cnt
003f8879   _delay_loop
003f9030   _errno
003f865f   _error
003f8d3f   _exit
003f9047   _fifo
003f8661   _init_mcbsp_spi
003f8520   _inverter_pll_calc
003f90a2   _ip
003f909c   _l2p_U
003f8ba9   _ldexp
003f811c   _line_to_phase
003f81c8   _main
003f869e   _mcbsp_fifo_init
003f8693   _mcbsp_xmit
003f9094   _p_I
003f9090   _p_U
003f80ca   _park_calc
003f85e9   _pi_calc
003f9084   _pll2
003f907a   _pll_I
003f9076   _pll_U
003f815c   _pll_calc
003f87f7   _rsvd_ISR
003f9070   _sample_time
003f9046   _sdata1
003f905e   _sdata1_temp
003f9041   _sdata2
003f904c   _sdata2_temp
003f8b15   _sqrt
003f9043   _x
ffffffff   binit
00100000   cinit
003f8dba   etext
ffffffff   pinit


GLOBAL SYMBOLS: SORTED BY Symbol Address 

address    name
--------   ----
00000001   __TI_args_main
00000400   __STACK_SIZE
00000400   __stack
00000800   __STACK_END
00000880   _DevEmuRegs
00000a80   _FlashRegs
00000ae0   _CsmRegs
00000b20   _XintfRegs
00000c00   _CpuTimer0Regs
00000ce0   _PieCtrlRegs
00000d00   _PieVectTable
00006000   _ECanaRegs
00006040   _ECanaLAMRegs
00006080   _ECanaMOTSRegs
000060c0   _ECanaMOTORegs
00006100   _ECanaMboxes
00007010   _SysCtrlRegs
00007040   _SpiaRegs
00007050   _SciaRegs
00007070   _XIntruptRegs
000070c0   _GpioMuxRegs
000070e0   _GpioDataRegs
00007100   _AdcRegs
00007400   _EvaRegs
00007500   _EvbRegs
00007750   _ScibRegs
00007800   _McbspaRegs
00100000   ___cinit__
00100000   cinit
001003d0   _InitFlash
001003e7   _DSP28x_usDelay
003f7ff8   _CsmPwl
003f8002   .text
003f8002   ___text__
003f8002   _clarke_calc
003f8048   _anticlarke_calc
003f80ca   _park_calc
003f80f3   _antipark_calc
003f811c   _line_to_phase
003f815c   _pll_calc
003f81c8   _main
003f8331   _ADC_T1TOADC_isr
003f8363   _ADC_SampleINT
003f837b   _ADCSmplePro
003f8520   _inverter_pll_calc
003f85e9   _pi_calc
003f865f   _error
003f8661   _init_mcbsp_spi
003f8693   _mcbsp_xmit
003f869e   _mcbsp_fifo_init
003f86ad   _INT13_ISR
003f86b2   _INT14_ISR
003f86b7   _DATALOG_ISR
003f86bc   _RTOSINT_ISR
003f86c1   _EMUINT_ISR
003f86c6   _NMI_ISR
003f86cb   _ILLEGAL_ISR
003f86d0   _USER1_ISR
003f86d5   _USER2_ISR
003f86da   _USER3_ISR
003f86df   _USER4_ISR
003f86e4   _USER5_ISR
003f86e9   _USER6_ISR
003f86ee   _USER7_ISR
003f86f3   _USER8_ISR
003f86f8   _USER9_ISR
003f86fd   _USER10_ISR
003f8702   _USER11_ISR
003f8707   _USER12_ISR
003f870c   _PDPINTA_ISR
003f8711   _PDPINTB_ISR
003f8716   _XINT1_ISR
003f871b   _XINT2_ISR
003f8720   _ADCINT_ISR
003f8725   _TINT0_ISR
003f872a   _WAKEINT_ISR
003f872f   _CMP1INT_ISR
003f8734   _CMP2INT_ISR
003f8739   _CMP3INT_ISR
003f873e   _T1PINT_ISR
003f8743   _T1CINT_ISR
003f8748   _T1UFINT_ISR
003f874d   _T1OFINT_ISR
003f8752   _T2PINT_ISR
003f8757   _T2CINT_ISR
003f875c   _T2UFINT_ISR
003f8761   _T2OFINT_ISR
003f8766   _CAPINT1_ISR
003f876b   _CAPINT2_ISR
003f8770   _CAPINT3_ISR
003f8775   _CMP4INT_ISR
003f877a   _CMP5INT_ISR
003f877f   _CMP6INT_ISR
003f8784   _T3PINT_ISR
003f8789   _T3CINT_ISR
003f878e   _T3UFINT_ISR
003f8793   _T3OFINT_ISR
003f8798   _T4PINT_ISR
003f879d   _T4CINT_ISR
003f87a2   _T4UFINT_ISR
003f87a7   _T4OFINT_ISR
003f87ac   _CAPINT4_ISR
003f87b1   _CAPINT5_ISR
003f87b6   _CAPINT6_ISR
003f87bb   _SPIRXINTA_ISR
003f87c0   _SPITXINTA_ISR
003f87c5   _MRINTA_ISR
003f87ca   _MXINTA_ISR
003f87cf   _SCIRXINTA_ISR
003f87d4   _SCITXINTA_ISR
003f87d9   _SCIRXINTB_ISR
003f87de   _SCITXINTB_ISR
003f87e3   _ECAN0INTA_ISR
003f87e8   _ECAN1INTA_ISR
003f87ed   _EMPTY_ISR
003f87f2   _PIE_RESERVED
003f87f7   _rsvd_ISR
003f87fc   _InitMcbspGpio
003f880e   _InitMcbsp
003f883b   _InitMcbspa8bit
003f8842   _InitMcbspa12bit
003f884d   _InitMcbspa16bit
003f8858   _InitMcbspa20bit
003f8863   _InitMcbspa24bit
003f886e   _InitMcbspa32bit
003f8879   _delay_loop
003f8899   _clkg_delay_loop
003f88bb   FD$$MPY
003f893e   FS$$DIV
003f89c1   _InitSysCtrl
003f89c9   _KickDog
003f89d3   _DisableDog
003f89db   _InitPll
003f89f8   _InitPeripheralClocks
003f8a12   _CsmUnlock
003f8a43   FS$$SUB
003f8a48   FS$$ADD
003f8abb   FS$$MPY
003f8b15   _sqrt
003f8b65   _c_int00
003f8ba9   _ldexp
003f8bea   _InitGpio
003f8bf7   _Init_Gpio
003f8c25   FS$$TOL
003f8c4e   _InitPieCtrl
003f8c6d   _EnableInterrupts
003f8c76   _InitPieVectTable
003f8c96   FD$$TOL
003f8cb5   FS$$TOU
003f8cd2   FS$$TOFD
003f8cee   __args_main
003f8d09   I$$TOFS
003f8d23   L$$TOFS
003f8d3d   C$$EXIT
003f8d3d   _abort
003f8d3f   _exit
003f8d56   FS$$CMP
003f8d6d   _MemCopy
003f8d82   _InitAdc
003f8d94   U$$TOFS
003f8da4   __register_unlock
003f8da8   __register_lock
003f8dac   __nop
003f8db5   FS$$NEG
003f8dba   __IQ15sin
003f8dba   ___etext__
003f8dba   etext
003f8deb   __IQ15toF
003f9028   __unlock
003f902a   __lock
003f902c   __cleanup_ptr
003f902e   __dtors_ptr
003f9030   _errno
003f9040   _ADflag
003f9041   _sdata2
003f9042   _InitPoint
003f9043   _x
003f9044   _cnt
003f9045   _AD_corrention_flag
003f9046   _sdata1
003f9047   _fifo
003f9048   _U1_offset_temp
003f904a   _I2_offset
003f904c   _sdata2_temp
003f904e   _U2_offset_temp
003f9050   _U1_offset
003f9052   _I3
003f9054   _I1_offset
003f9056   _U2_offset
003f9058   _Ub_pwm
003f905a   _Ua_pwm
003f905c   _Uc_pwm
003f905e   _sdata1_temp
003f9060   _I2_offset_temp
003f9062   _I1_offset_temp
003f9064   _ADREG
003f9066   _AD_CHIPSEL0
003f9068   _AD_CHIPSEL1
003f906a   _U2
003f906c   _U1
003f906e   _I2
003f9070   _sample_time
003f9072   _AD_CONVST
003f9074   _I1
003f9076   _pll_U
003f907a   _pll_I
003f9080   _c_U
003f9084   _pll2
003f9088   _ap
003f908c   _c_I
003f9090   _p_U
003f9094   _p_I
003f9098   _c2
003f909c   _l2p_U
003f90a2   _ip
003f90a8   _ac
003f90ae   _PI_Uq
003f90c0   _PI_Ud
003f90d2   _PI_Id
003f90e4   _PI_Iq
003f9100   _AD
003f9406   _PieVectTableInit
003ff000   _IQsinTable
003ff100   _IQcosTable
003ff400   _IQsinTableEnd
003ff502   _IQcosTableEnd
003ff502   _IQdivRoundSatTable
003ff510   _IQdivTable
003ff712   _IQdivTableEnd
003ff712   _IQisqrtRoundSatTable
003ff712   _IQsqrtRoundSatTable
003ff722   _IQisqrtTable
003ff722   _IQsqrtTable
003ff824   _IQatan2HalfPITable
003ff824   _IQisqrtTableEnd
003ff824   _IQsqrtTableEnd
003ff862   _IQatan2Table
003ff9e8   _IQ30mpyRndSatTable
003ff9e8   _IQatan2TableEnd
003ff9e8   _IQmpyRndSatTable
003ff9f4   _IQ29mpyRndSatTable
003ffa00   _IQ28mpyRndSatTable
003ffa0c   _IQ27mpyRndSatTable
003ffa18   _IQ26mpyRndSatTable
003ffa24   _IQ25mpyRndSatTable
003ffa30   _IQ24mpyRndSatTable
003ffa3c   _IQ23mpyRndSatTable
003ffa48   _IQ22mpyRndSatTable
003ffa54   _IQ21mpyRndSatTable
003ffa60   _IQ20mpyRndSatTable
003ffa6c   _IQ19mpyRndSatTable
003ffa78   _IQ18mpyRndSatTable
003ffa84   _IQ17mpyRndSatTable
003ffa90   _IQ16mpyRndSatTable
003ffa9c   _IQ15mpyRndSatTable
003ffaa8   _IQ14mpyRndSatTable
003ffab4   _IQ13mpyRndSatTable
003ffac0   _IQ12mpyRndSatTable
003ffacc   _IQ11mpyRndSatTable
003ffad8   _IQ10mpyRndSatTable
003ffae4   _IQ9mpyRndSatTable
003ffaf0   _IQ8mpyRndSatTable
003ffafc   _IQ7mpyRndSatTable
003ffb08   _IQ6mpyRndSatTable
003ffb14   _IQ5mpyRndSatTable
003ffb20   _IQ4mpyRndSatTable
003ffb2c   _IQ3mpyRndSatTable
003ffb38   _IQ2mpyRndSatTable
003ffb44   _IQ1mpyRndSatTable
003ffb50   _IQmpyRndSatTableEnd
ffffffff   ___binit__
ffffffff   ___c_args__
ffffffff   ___pinit__
ffffffff   binit
ffffffff   pinit

[275 symbols]
