******************************************************************************
             TMS320C2000 Linker PC v5.2.3                      
******************************************************************************
>> Linked Mon Dec 08 15:30:22 2014

OUTPUT FILE NAME:   <D-STATCOM_ByLee.out>
ENTRY POINT SYMBOL: "_c_int00"  address: 003f87fa


MEMORY CONFIGURATION

         name            origin    length      used     unused   attr    fill
----------------------  --------  ---------  --------  --------  ----  --------
PAGE 0:
  RAMM0                 00000000   00000400  00000000  00000400  RWIX
  BEGIN                 003f8000   00000002  00000002  00000000  RWIX
  PRAMH0                003f8002   00000ffe  00000d92  0000026c  RWIX
  BOOTROM               003ff000   00000fc0  00000000  00000fc0  RW  
  RESET                 003fffc0   00000002  00000000  00000002  RWIX

PAGE 1:
  RAMM1                 00000400   00000400  00000400  00000000  RWIX
  DEV_EMU               00000880   00000180  000000d2  000000ae  RWIX
  FLASH_REGS            00000a80   00000060  00000008  00000058  RWIX
  CSM                   00000ae0   00000010  00000010  00000000  RWIX
  XINTF                 00000b20   00000020  00000020  00000000  RWIX
  CPU_TIMER0            00000c00   00000008  00000008  00000000  RWIX
  PIE_CTRL              00000ce0   00000020  0000001a  00000006  RWIX
  PIE_VECT              00000d00   00000100  00000100  00000000  RWIX
  ECANA                 00006000   00000040  00000034  0000000c  RWIX
  ECANA_LAM             00006040   00000040  00000040  00000000  RWIX
  ECANA_MOTS            00006080   00000040  00000040  00000000  RWIX
  ECANA_MOTO            000060c0   00000040  00000040  00000000  RWIX
  ECANA_MBOX            00006100   00000100  00000100  00000000  RWIX
  SYSTEM                00007010   00000020  00000020  00000000  RWIX
  SPIA                  00007040   00000010  00000010  00000000  RWIX
  SCIA                  00007050   00000010  00000010  00000000  RWIX
  XINTRUPT              00007070   00000010  00000010  00000000  RWIX
  GPIOMUX               000070c0   00000020  00000020  00000000  RWIX
  GPIODAT               000070e0   00000020  00000020  00000000  RWIX
  ADC                   00007100   00000020  0000001a  00000006  RWIX
  EVA                   00007400   00000040  00000032  0000000e  RWIX
  EVB                   00007500   00000040  00000032  0000000e  RWIX
  SCIB                  00007750   00000010  00000010  00000000  RWIX
  MCBSPA                00007800   00000040  00000025  0000001b  RWIX
  DSRAM                 00100000   00010000  00000000  00010000  RWIX
  CSM_PWL               003f7ff8   00000008  00000008  00000000  RWIX
  DRAMH0                003f9000   00001000  0000058f  00000a71  RWIX


SECTION ALLOCATION MAP

 output                                  attributes/
section   page    origin      length       input sections
--------  ----  ----------  ----------   ----------------
.pinit     0    003f8002    00000000     UNINITIALIZED

codestart 
*          0    003f8000    00000002     
                  003f8000    00000002     DSP281x_CodeStartBranch.obj (codestart)

.text      0    003f8002    000009cf     
                  003f8002    00000482     D-STATCOM_Main_ByLee.obj (.text)
                  003f8484    0000014f     DSP281x_DefaultIsr.obj (.text)
                  003f85d3    00000083     rts2800_ml.lib : fs_div.obj (.text)
                  003f8656    00000082     DSP281x_SysCtrl.obj (.text)
                  003f86d8    00000078     rts2800_ml.lib : fs_add.obj (.text)
                  003f8750    0000005a                    : fs_mpy.obj (.text)
                  003f87aa    00000050                    : sqrt.obj (.text)
                  003f87fa    00000044                    : boot.obj (.text)
                  003f883e    00000041                    : ldexp.obj (.text)
                  003f887f    0000003b     DSP281x_Gpio.obj (.text)
                  003f88ba    00000028     DSP281x_PieCtrl.obj (.text)
                  003f88e2    00000020     DSP281x_PieVect.obj (.text)
                  003f8902    0000001d     rts2800_ml.lib : fs_tou.obj (.text)
                  003f891f    0000001b                    : args_main.obj (.text)
                  003f893a    0000001a                    : i_tofs.obj (.text)
                  003f8954    00000019                    : exit.obj (.text)
                  003f896d    00000017                    : fs_cmp.obj (.text)
                  003f8984    00000015     DSP281x_MemCopy.obj (.text)
                  003f8999    00000012     DSP281x_Adc.obj (.text)
                  003f89ab    00000010     rts2800_ml.lib : u_tofs.obj (.text)
                  003f89bb    00000009                    : _lock.obj (.text)
                  003f89c4    00000008     DSP281x_CodeStartBranch.obj (.text)
                  003f89cc    00000005     rts2800_ml.lib : fs_neg.obj (.text)

.cinit     0    003f89d1    000003a8     
                  003f89d1    0000038e     D-STATCOM_Main_ByLee.obj (.cinit)
                  003f8d5f    0000000a     rts2800_ml.lib : _lock.obj (.cinit)
                  003f8d69    0000000a                    : exit.obj (.cinit)
                  003f8d73    00000004                    : errno.obj (.cinit)
                  003f8d77    00000002     --HOLE-- [fill = 0]

ramfuncs   0    003f8d79    0000001b     
                  003f8d79    00000017     DSP281x_SysCtrl.obj (ramfuncs)
                  003f8d90    00000004     DSP281x_usDelay.obj (ramfuncs)

.reset     0    003fffc0    00000002     DSECT
                  003fffc0    00000002     rts2800_ml.lib : boot.obj (.reset)

.stack     1    00000400    00000400     UNINITIALIZED
                  00000400    00000400     --HOLE--

DevEmuRegsFile 
*          1    00000880    000000d2     UNINITIALIZED
                  00000880    000000d2     DSP281x_GlobalVariableDefs.obj (DevEmuRegsFile)

FlashRegsFile 
*          1    00000a80    00000008     UNINITIALIZED
                  00000a80    00000008     DSP281x_GlobalVariableDefs.obj (FlashRegsFile)

CsmRegsFile 
*          1    00000ae0    00000010     UNINITIALIZED
                  00000ae0    00000010     DSP281x_GlobalVariableDefs.obj (CsmRegsFile)

XintfRegsFile 
*          1    00000b20    00000020     UNINITIALIZED
                  00000b20    00000020     DSP281x_GlobalVariableDefs.obj (XintfRegsFile)

CpuTimer0RegsFile 
*          1    00000c00    00000008     UNINITIALIZED
                  00000c00    00000008     DSP281x_GlobalVariableDefs.obj (CpuTimer0RegsFile)

PieCtrlRegsFile 
*          1    00000ce0    0000001a     UNINITIALIZED
                  00000ce0    0000001a     DSP281x_GlobalVariableDefs.obj (PieCtrlRegsFile)

PieVectTableFile 
*          1    00000d00    00000100     UNINITIALIZED
                  00000d00    00000100     DSP281x_GlobalVariableDefs.obj (PieVectTableFile)

ECanaRegsFile 
*          1    00006000    00000034     UNINITIALIZED
                  00006000    00000034     DSP281x_GlobalVariableDefs.obj (ECanaRegsFile)

ECanaLAMRegsFile 
*          1    00006040    00000040     UNINITIALIZED
                  00006040    00000040     DSP281x_GlobalVariableDefs.obj (ECanaLAMRegsFile)

ECanaMOTSRegsFile 
*          1    00006080    00000040     UNINITIALIZED
                  00006080    00000040     DSP281x_GlobalVariableDefs.obj (ECanaMOTSRegsFile)

ECanaMOTORegsFile 
*          1    000060c0    00000040     UNINITIALIZED
                  000060c0    00000040     DSP281x_GlobalVariableDefs.obj (ECanaMOTORegsFile)

ECanaMboxesFile 
*          1    00006100    00000100     UNINITIALIZED
                  00006100    00000100     DSP281x_GlobalVariableDefs.obj (ECanaMboxesFile)

SysCtrlRegsFile 
*          1    00007010    00000020     UNINITIALIZED
                  00007010    00000020     DSP281x_GlobalVariableDefs.obj (SysCtrlRegsFile)

SpiaRegsFile 
*          1    00007040    00000010     UNINITIALIZED
                  00007040    00000010     DSP281x_GlobalVariableDefs.obj (SpiaRegsFile)

SciaRegsFile 
*          1    00007050    00000010     UNINITIALIZED
                  00007050    00000010     DSP281x_GlobalVariableDefs.obj (SciaRegsFile)

XIntruptRegsFile 
*          1    00007070    00000010     UNINITIALIZED
                  00007070    00000010     DSP281x_GlobalVariableDefs.obj (XIntruptRegsFile)

GpioMuxRegsFile 
*          1    000070c0    00000020     UNINITIALIZED
                  000070c0    00000020     DSP281x_GlobalVariableDefs.obj (GpioMuxRegsFile)

GpioDataRegsFile 
*          1    000070e0    00000020     UNINITIALIZED
                  000070e0    00000020     DSP281x_GlobalVariableDefs.obj (GpioDataRegsFile)

AdcRegsFile 
*          1    00007100    0000001a     UNINITIALIZED
                  00007100    0000001a     DSP281x_GlobalVariableDefs.obj (AdcRegsFile)

EvaRegsFile 
*          1    00007400    00000032     UNINITIALIZED
                  00007400    00000032     DSP281x_GlobalVariableDefs.obj (EvaRegsFile)

EvbRegsFile 
*          1    00007500    00000032     UNINITIALIZED
                  00007500    00000032     DSP281x_GlobalVariableDefs.obj (EvbRegsFile)

ScibRegsFile 
*          1    00007750    00000010     UNINITIALIZED
                  00007750    00000010     DSP281x_GlobalVariableDefs.obj (ScibRegsFile)

McbspaRegsFile 
*          1    00007800    00000025     UNINITIALIZED
                  00007800    00000025     DSP281x_GlobalVariableDefs.obj (McbspaRegsFile)

CsmPwlFile 
*          1    003f7ff8    00000008     UNINITIALIZED
                  003f7ff8    00000008     DSP281x_GlobalVariableDefs.obj (CsmPwlFile)

.ebss      1    003f9000    0000048f     UNINITIALIZED
                  003f9000    00000486     D-STATCOM_Main_ByLee.obj (.ebss)
                  003f9486    00000004     rts2800_ml.lib : _lock.obj (.ebss)
                  003f948a    00000004                    : exit.obj (.ebss)
                  003f948e    00000001                    : errno.obj (.ebss)

.econst    1    003f9490    00000100     
                  003f9490    00000100     DSP281x_PieVect.obj (.econst)


GLOBAL SYMBOLS: SORTED ALPHABETICALLY BY Name 

address    name
--------   ----
003f8002   .text
003f8954   C$$EXIT
003f86dd   FS$$ADD
003f896d   FS$$CMP
003f85d3   FS$$DIV
003f8750   FS$$MPY
003f89cc   FS$$NEG
003f86d8   FS$$SUB
003f8902   FS$$TOU
003f893a   I$$TOFS
003f89ab   U$$TOFS
003f9180   _AD
003f84f7   _ADCINT_ISR
003f825f   _ADCSmplePro
003f8247   _ADC_SampleINT
003f8222   _ADC_T1TOADC_isr
003f9022   _ADREG
003f9024   _AD_CHIPSEL0
003f9026   _AD_CHIPSEL1
003f9028   _AD_CONVST
003f9004   _AD_corrention_flag
003f9003   _ADflag
00007100   _AdcRegs
003f853d   _CAPINT1_ISR
003f8542   _CAPINT2_ISR
003f8547   _CAPINT3_ISR
003f8583   _CAPINT4_ISR
003f8588   _CAPINT5_ISR
003f858d   _CAPINT6_ISR
003f8506   _CMP1INT_ISR
003f850b   _CMP2INT_ISR
003f8510   _CMP3INT_ISR
003f854c   _CMP4INT_ISR
003f8551   _CMP5INT_ISR
003f8556   _CMP6INT_ISR
00000c00   _CpuTimer0Regs
003f7ff8   _CsmPwl
00000ae0   _CsmRegs
003f86a7   _CsmUnlock
003f848e   _DATALOG_ISR
003f8d90   _DSP28x_usDelay
00000880   _DevEmuRegs
003f8668   _DisableDog
003f85ba   _ECAN0INTA_ISR
003f85bf   _ECAN1INTA_ISR
00006040   _ECanaLAMRegs
000060c0   _ECanaMOTORegs
00006080   _ECanaMOTSRegs
00006100   _ECanaMboxes
00006000   _ECanaRegs
003f85c4   _EMPTY_ISR
003f8498   _EMUINT_ISR
003f88d9   _EnableInterrupts
00007400   _EvaRegs
00007500   _EvbRegs
00000a80   _FlashRegs
000070e0   _GpioDataRegs
000070c0   _GpioMuxRegs
003f9032   _I1
003f9008   _I1_offset
003f9014   _I1_offset_temp
003f9010   _I2
003f9006   _I2_offset
003f901a   _I2_offset_temp
003f84a2   _ILLEGAL_ISR
003f8484   _INT13_ISR
003f8489   _INT14_ISR
003f8999   _InitAdc
003f8d79   _InitFlash
003f887f   _InitGpio
003f868d   _InitPeripheralClocks
003f88ba   _InitPieCtrl
003f88e2   _InitPieVectTable
003f8670   _InitPll
003f9001   _InitPoint
003f8656   _InitSysCtrl
003f888c   _Init_Gpio
003f865e   _KickDog
003f859c   _MRINTA_ISR
003f85a1   _MXINTA_ISR
00007800   _McbspaRegs
003f8984   _MemCopy
003f849d   _NMI_ISR
003f84e3   _PDPINTA_ISR
003f84e8   _PDPINTB_ISR
003f85c9   _PIE_RESERVED
003f906a   _PI_Id
003f9058   _PI_Iq
00000ce0   _PieCtrlRegs
00000d00   _PieVectTable
003f9490   _PieVectTableInit
003f8493   _RTOSINT_ISR
003f85a6   _SCIRXINTA_ISR
003f85b0   _SCIRXINTB_ISR
003f85ab   _SCITXINTA_ISR
003f85b5   _SCITXINTB_ISR
003f8592   _SPIRXINTA_ISR
003f8597   _SPITXINTA_ISR
00007050   _SciaRegs
00007750   _ScibRegs
00007040   _SpiaRegs
00007010   _SysCtrlRegs
003f851a   _T1CINT_ISR
003f8524   _T1OFINT_ISR
003f8515   _T1PINT_ISR
003f851f   _T1UFINT_ISR
003f852e   _T2CINT_ISR
003f8538   _T2OFINT_ISR
003f8529   _T2PINT_ISR
003f8533   _T2UFINT_ISR
003f8560   _T3CINT_ISR
003f856a   _T3OFINT_ISR
003f855b   _T3PINT_ISR
003f8565   _T3UFINT_ISR
003f8574   _T4CINT_ISR
003f857e   _T4OFINT_ISR
003f856f   _T4PINT_ISR
003f8579   _T4UFINT_ISR
003f84fc   _TINT0_ISR
003f902c   _U1
003f901e   _U1_offset
003f9020   _U1_offset_temp
003f902a   _U2
003f9012   _U2_offset
003f9016   _U2_offset_temp
003f84d4   _USER10_ISR
003f84d9   _USER11_ISR
003f84de   _USER12_ISR
003f84a7   _USER1_ISR
003f84ac   _USER2_ISR
003f84b1   _USER3_ISR
003f84b6   _USER4_ISR
003f84bb   _USER5_ISR
003f84c0   _USER6_ISR
003f84c5   _USER7_ISR
003f84ca   _USER8_ISR
003f84cf   _USER9_ISR
003f902e   _Ua_pwm
003f901c   _Ub_pwm
003f900a   _Uc_pwm
003f900e   _Udc
003f900c   _Udc_offset
003f9018   _Udc_offset_temp
003f8501   _WAKEINT_ISR
003f84ed   _XINT1_ISR
003f84f2   _XINT2_ISR
00007070   _XIntruptRegs
00000b20   _XintfRegs
00000800   __STACK_END
00000400   __STACK_SIZE
00000001   __TI_args_main
ffffffff   ___binit__
ffffffff   ___c_args__
003f89d1   ___cinit__
003f89d1   ___etext__
ffffffff   ___pinit__
003f8002   ___text__
003f891f   __args_main
003f948a   __cleanup_ptr
003f948c   __dtors_ptr
003f9488   __lock
003f89c3   __nop
003f89bf   __register_lock
003f89bb   __register_unlock
00000400   __stack
003f9486   __unlock
003f8954   _abort
003f904c   _ac
003f8020   _anticlarke_calc
003f807d   _antipark_calc
003f903c   _ap
003f9048   _c2
003f9034   _c_I
003f9044   _c_U
003f87fa   _c_int00
003f8002   _clarke_calc
003f9002   _cnt
003f948e   _errno
003f8956   _exit
003f9052   _l2p_U
003f883e   _ldexp
003f80a6   _line_to_phase
003f810e   _main
003f9040   _p_I
003f8054   _park_calc
003f8416   _pi_calc
003f9038   _pll
003f80e6   _pll_calc
003f85ce   _rsvd_ISR
003f9030   _sample_time
003f87aa   _sqrt
003f9080   _temp1
003f9000   _x
ffffffff   binit
003f89d1   cinit
003f89d1   etext
ffffffff   pinit


GLOBAL SYMBOLS: SORTED BY Symbol Address 

address    name
--------   ----
00000001   __TI_args_main
00000400   __STACK_SIZE
00000400   __stack
00000800   __STACK_END
00000880   _DevEmuRegs
00000a80   _FlashRegs
00000ae0   _CsmRegs
00000b20   _XintfRegs
00000c00   _CpuTimer0Regs
00000ce0   _PieCtrlRegs
00000d00   _PieVectTable
00006000   _ECanaRegs
00006040   _ECanaLAMRegs
00006080   _ECanaMOTSRegs
000060c0   _ECanaMOTORegs
00006100   _ECanaMboxes
00007010   _SysCtrlRegs
00007040   _SpiaRegs
00007050   _SciaRegs
00007070   _XIntruptRegs
000070c0   _GpioMuxRegs
000070e0   _GpioDataRegs
00007100   _AdcRegs
00007400   _EvaRegs
00007500   _EvbRegs
00007750   _ScibRegs
00007800   _McbspaRegs
003f7ff8   _CsmPwl
003f8002   .text
003f8002   ___text__
003f8002   _clarke_calc
003f8020   _anticlarke_calc
003f8054   _park_calc
003f807d   _antipark_calc
003f80a6   _line_to_phase
003f80e6   _pll_calc
003f810e   _main
003f8222   _ADC_T1TOADC_isr
003f8247   _ADC_SampleINT
003f825f   _ADCSmplePro
003f8416   _pi_calc
003f8484   _INT13_ISR
003f8489   _INT14_ISR
003f848e   _DATALOG_ISR
003f8493   _RTOSINT_ISR
003f8498   _EMUINT_ISR
003f849d   _NMI_ISR
003f84a2   _ILLEGAL_ISR
003f84a7   _USER1_ISR
003f84ac   _USER2_ISR
003f84b1   _USER3_ISR
003f84b6   _USER4_ISR
003f84bb   _USER5_ISR
003f84c0   _USER6_ISR
003f84c5   _USER7_ISR
003f84ca   _USER8_ISR
003f84cf   _USER9_ISR
003f84d4   _USER10_ISR
003f84d9   _USER11_ISR
003f84de   _USER12_ISR
003f84e3   _PDPINTA_ISR
003f84e8   _PDPINTB_ISR
003f84ed   _XINT1_ISR
003f84f2   _XINT2_ISR
003f84f7   _ADCINT_ISR
003f84fc   _TINT0_ISR
003f8501   _WAKEINT_ISR
003f8506   _CMP1INT_ISR
003f850b   _CMP2INT_ISR
003f8510   _CMP3INT_ISR
003f8515   _T1PINT_ISR
003f851a   _T1CINT_ISR
003f851f   _T1UFINT_ISR
003f8524   _T1OFINT_ISR
003f8529   _T2PINT_ISR
003f852e   _T2CINT_ISR
003f8533   _T2UFINT_ISR
003f8538   _T2OFINT_ISR
003f853d   _CAPINT1_ISR
003f8542   _CAPINT2_ISR
003f8547   _CAPINT3_ISR
003f854c   _CMP4INT_ISR
003f8551   _CMP5INT_ISR
003f8556   _CMP6INT_ISR
003f855b   _T3PINT_ISR
003f8560   _T3CINT_ISR
003f8565   _T3UFINT_ISR
003f856a   _T3OFINT_ISR
003f856f   _T4PINT_ISR
003f8574   _T4CINT_ISR
003f8579   _T4UFINT_ISR
003f857e   _T4OFINT_ISR
003f8583   _CAPINT4_ISR
003f8588   _CAPINT5_ISR
003f858d   _CAPINT6_ISR
003f8592   _SPIRXINTA_ISR
003f8597   _SPITXINTA_ISR
003f859c   _MRINTA_ISR
003f85a1   _MXINTA_ISR
003f85a6   _SCIRXINTA_ISR
003f85ab   _SCITXINTA_ISR
003f85b0   _SCIRXINTB_ISR
003f85b5   _SCITXINTB_ISR
003f85ba   _ECAN0INTA_ISR
003f85bf   _ECAN1INTA_ISR
003f85c4   _EMPTY_ISR
003f85c9   _PIE_RESERVED
003f85ce   _rsvd_ISR
003f85d3   FS$$DIV
003f8656   _InitSysCtrl
003f865e   _KickDog
003f8668   _DisableDog
003f8670   _InitPll
003f868d   _InitPeripheralClocks
003f86a7   _CsmUnlock
003f86d8   FS$$SUB
003f86dd   FS$$ADD
003f8750   FS$$MPY
003f87aa   _sqrt
003f87fa   _c_int00
003f883e   _ldexp
003f887f   _InitGpio
003f888c   _Init_Gpio
003f88ba   _InitPieCtrl
003f88d9   _EnableInterrupts
003f88e2   _InitPieVectTable
003f8902   FS$$TOU
003f891f   __args_main
003f893a   I$$TOFS
003f8954   C$$EXIT
003f8954   _abort
003f8956   _exit
003f896d   FS$$CMP
003f8984   _MemCopy
003f8999   _InitAdc
003f89ab   U$$TOFS
003f89bb   __register_unlock
003f89bf   __register_lock
003f89c3   __nop
003f89cc   FS$$NEG
003f89d1   ___cinit__
003f89d1   ___etext__
003f89d1   cinit
003f89d1   etext
003f8d79   _InitFlash
003f8d90   _DSP28x_usDelay
003f9000   _x
003f9001   _InitPoint
003f9002   _cnt
003f9003   _ADflag
003f9004   _AD_corrention_flag
003f9006   _I2_offset
003f9008   _I1_offset
003f900a   _Uc_pwm
003f900c   _Udc_offset
003f900e   _Udc
003f9010   _I2
003f9012   _U2_offset
003f9014   _I1_offset_temp
003f9016   _U2_offset_temp
003f9018   _Udc_offset_temp
003f901a   _I2_offset_temp
003f901c   _Ub_pwm
003f901e   _U1_offset
003f9020   _U1_offset_temp
003f9022   _ADREG
003f9024   _AD_CHIPSEL0
003f9026   _AD_CHIPSEL1
003f9028   _AD_CONVST
003f902a   _U2
003f902c   _U1
003f902e   _Ua_pwm
003f9030   _sample_time
003f9032   _I1
003f9034   _c_I
003f9038   _pll
003f903c   _ap
003f9040   _p_I
003f9044   _c_U
003f9048   _c2
003f904c   _ac
003f9052   _l2p_U
003f9058   _PI_Iq
003f906a   _PI_Id
003f9080   _temp1
003f9180   _AD
003f9486   __unlock
003f9488   __lock
003f948a   __cleanup_ptr
003f948c   __dtors_ptr
003f948e   _errno
003f9490   _PieVectTableInit
ffffffff   ___binit__
ffffffff   ___c_args__
ffffffff   ___pinit__
ffffffff   binit
ffffffff   pinit

[197 symbols]
