******************************************************************************
             TMS320C2000 Linker PC v5.2.3                      
******************************************************************************
>> Linked Sat Nov 29 14:21:11 2014

OUTPUT FILE NAME:   <D-STATCOM_ByLee.out>
ENTRY POINT SYMBOL: "_c_int00"  address: 003f8864


MEMORY CONFIGURATION

         name            origin    length      used     unused   attr    fill
----------------------  --------  ---------  --------  --------  ----  --------
PAGE 0:
  RAMM0                 00000000   00000400  00000000  00000400  RWIX
  BEGIN                 003f8000   00000002  00000002  00000000  RWIX
  PRAMH0                003f8002   00000ffe  00000e26  000001d8  RWIX
  BOOTROM               003ff000   00000fc0  00000000  00000fc0  RW  
  RESET                 003fffc0   00000002  00000000  00000002  RWIX

PAGE 1:
  RAMM1                 00000400   00000400  00000400  00000000  RWIX
  DEV_EMU               00000880   00000180  000000d2  000000ae  RWIX
  FLASH_REGS            00000a80   00000060  00000008  00000058  RWIX
  CSM                   00000ae0   00000010  00000010  00000000  RWIX
  XINTF                 00000b20   00000020  00000020  00000000  RWIX
  CPU_TIMER0            00000c00   00000008  00000008  00000000  RWIX
  PIE_CTRL              00000ce0   00000020  0000001a  00000006  RWIX
  PIE_VECT              00000d00   00000100  00000100  00000000  RWIX
  ECANA                 00006000   00000040  00000034  0000000c  RWIX
  ECANA_LAM             00006040   00000040  00000040  00000000  RWIX
  ECANA_MOTS            00006080   00000040  00000040  00000000  RWIX
  ECANA_MOTO            000060c0   00000040  00000040  00000000  RWIX
  ECANA_MBOX            00006100   00000100  00000100  00000000  RWIX
  SYSTEM                00007010   00000020  00000020  00000000  RWIX
  SPIA                  00007040   00000010  00000010  00000000  RWIX
  SCIA                  00007050   00000010  00000010  00000000  RWIX
  XINTRUPT              00007070   00000010  00000010  00000000  RWIX
  GPIOMUX               000070c0   00000020  00000020  00000000  RWIX
  GPIODAT               000070e0   00000020  00000020  00000000  RWIX
  ADC                   00007100   00000020  0000001a  00000006  RWIX
  EVA                   00007400   00000040  00000032  0000000e  RWIX
  EVB                   00007500   00000040  00000032  0000000e  RWIX
  SCIB                  00007750   00000010  00000010  00000000  RWIX
  MCBSPA                00007800   00000040  00000025  0000001b  RWIX
  DSRAM                 00100000   00010000  00000000  00010000  RWIX
  CSM_PWL               003f7ff8   00000008  00000008  00000000  RWIX
  DRAMH0                003f9000   00001000  000005cf  00000a31  RWIX


SECTION ALLOCATION MAP

 output                                  attributes/
section   page    origin      length       input sections
--------  ----  ----------  ----------   ----------------
.pinit     0    003f8002    00000000     UNINITIALIZED

codestart 
*          0    003f8000    00000002     
                  003f8000    00000002     DSP281x_CodeStartBranch.obj (codestart)

.text      0    003f8002    00000a39     
                  003f8002    000004ec     D-STATCOM_Main_ByLee.obj (.text)
                  003f84ee    0000014f     DSP281x_DefaultIsr.obj (.text)
                  003f863d    00000083     rts2800_ml.lib : fs_div.obj (.text)
                  003f86c0    00000082     DSP281x_SysCtrl.obj (.text)
                  003f8742    00000078     rts2800_ml.lib : fs_add.obj (.text)
                  003f87ba    0000005a                    : fs_mpy.obj (.text)
                  003f8814    00000050                    : sqrt.obj (.text)
                  003f8864    00000044                    : boot.obj (.text)
                  003f88a8    00000041                    : ldexp.obj (.text)
                  003f88e9    0000003b     DSP281x_Gpio.obj (.text)
                  003f8924    00000028     DSP281x_PieCtrl.obj (.text)
                  003f894c    00000020     DSP281x_PieVect.obj (.text)
                  003f896c    0000001d     rts2800_ml.lib : fs_tou.obj (.text)
                  003f8989    0000001b                    : args_main.obj (.text)
                  003f89a4    0000001a                    : i_tofs.obj (.text)
                  003f89be    00000019                    : exit.obj (.text)
                  003f89d7    00000017                    : fs_cmp.obj (.text)
                  003f89ee    00000015     DSP281x_MemCopy.obj (.text)
                  003f8a03    00000012     DSP281x_Adc.obj (.text)
                  003f8a15    00000010     rts2800_ml.lib : u_tofs.obj (.text)
                  003f8a25    00000009                    : _lock.obj (.text)
                  003f8a2e    00000008     DSP281x_CodeStartBranch.obj (.text)
                  003f8a36    00000005     rts2800_ml.lib : fs_neg.obj (.text)

.cinit     0    003f8a3b    000003d2     
                  003f8a3b    000003b8     D-STATCOM_Main_ByLee.obj (.cinit)
                  003f8df3    0000000a     rts2800_ml.lib : _lock.obj (.cinit)
                  003f8dfd    0000000a                    : exit.obj (.cinit)
                  003f8e07    00000004                    : errno.obj (.cinit)
                  003f8e0b    00000002     --HOLE-- [fill = 0]

ramfuncs   0    003f8e0d    0000001b     
                  003f8e0d    00000017     DSP281x_SysCtrl.obj (ramfuncs)
                  003f8e24    00000004     DSP281x_usDelay.obj (ramfuncs)

.reset     0    003fffc0    00000002     DSECT
                  003fffc0    00000002     rts2800_ml.lib : boot.obj (.reset)

.stack     1    00000400    00000400     UNINITIALIZED
                  00000400    00000400     --HOLE--

DevEmuRegsFile 
*          1    00000880    000000d2     UNINITIALIZED
                  00000880    000000d2     DSP281x_GlobalVariableDefs.obj (DevEmuRegsFile)

FlashRegsFile 
*          1    00000a80    00000008     UNINITIALIZED
                  00000a80    00000008     DSP281x_GlobalVariableDefs.obj (FlashRegsFile)

CsmRegsFile 
*          1    00000ae0    00000010     UNINITIALIZED
                  00000ae0    00000010     DSP281x_GlobalVariableDefs.obj (CsmRegsFile)

XintfRegsFile 
*          1    00000b20    00000020     UNINITIALIZED
                  00000b20    00000020     DSP281x_GlobalVariableDefs.obj (XintfRegsFile)

CpuTimer0RegsFile 
*          1    00000c00    00000008     UNINITIALIZED
                  00000c00    00000008     DSP281x_GlobalVariableDefs.obj (CpuTimer0RegsFile)

PieCtrlRegsFile 
*          1    00000ce0    0000001a     UNINITIALIZED
                  00000ce0    0000001a     DSP281x_GlobalVariableDefs.obj (PieCtrlRegsFile)

PieVectTableFile 
*          1    00000d00    00000100     UNINITIALIZED
                  00000d00    00000100     DSP281x_GlobalVariableDefs.obj (PieVectTableFile)

ECanaRegsFile 
*          1    00006000    00000034     UNINITIALIZED
                  00006000    00000034     DSP281x_GlobalVariableDefs.obj (ECanaRegsFile)

ECanaLAMRegsFile 
*          1    00006040    00000040     UNINITIALIZED
                  00006040    00000040     DSP281x_GlobalVariableDefs.obj (ECanaLAMRegsFile)

ECanaMOTSRegsFile 
*          1    00006080    00000040     UNINITIALIZED
                  00006080    00000040     DSP281x_GlobalVariableDefs.obj (ECanaMOTSRegsFile)

ECanaMOTORegsFile 
*          1    000060c0    00000040     UNINITIALIZED
                  000060c0    00000040     DSP281x_GlobalVariableDefs.obj (ECanaMOTORegsFile)

ECanaMboxesFile 
*          1    00006100    00000100     UNINITIALIZED
                  00006100    00000100     DSP281x_GlobalVariableDefs.obj (ECanaMboxesFile)

SysCtrlRegsFile 
*          1    00007010    00000020     UNINITIALIZED
                  00007010    00000020     DSP281x_GlobalVariableDefs.obj (SysCtrlRegsFile)

SpiaRegsFile 
*          1    00007040    00000010     UNINITIALIZED
                  00007040    00000010     DSP281x_GlobalVariableDefs.obj (SpiaRegsFile)

SciaRegsFile 
*          1    00007050    00000010     UNINITIALIZED
                  00007050    00000010     DSP281x_GlobalVariableDefs.obj (SciaRegsFile)

XIntruptRegsFile 
*          1    00007070    00000010     UNINITIALIZED
                  00007070    00000010     DSP281x_GlobalVariableDefs.obj (XIntruptRegsFile)

GpioMuxRegsFile 
*          1    000070c0    00000020     UNINITIALIZED
                  000070c0    00000020     DSP281x_GlobalVariableDefs.obj (GpioMuxRegsFile)

GpioDataRegsFile 
*          1    000070e0    00000020     UNINITIALIZED
                  000070e0    00000020     DSP281x_GlobalVariableDefs.obj (GpioDataRegsFile)

AdcRegsFile 
*          1    00007100    0000001a     UNINITIALIZED
                  00007100    0000001a     DSP281x_GlobalVariableDefs.obj (AdcRegsFile)

EvaRegsFile 
*          1    00007400    00000032     UNINITIALIZED
                  00007400    00000032     DSP281x_GlobalVariableDefs.obj (EvaRegsFile)

EvbRegsFile 
*          1    00007500    00000032     UNINITIALIZED
                  00007500    00000032     DSP281x_GlobalVariableDefs.obj (EvbRegsFile)

ScibRegsFile 
*          1    00007750    00000010     UNINITIALIZED
                  00007750    00000010     DSP281x_GlobalVariableDefs.obj (ScibRegsFile)

McbspaRegsFile 
*          1    00007800    00000025     UNINITIALIZED
                  00007800    00000025     DSP281x_GlobalVariableDefs.obj (McbspaRegsFile)

CsmPwlFile 
*          1    003f7ff8    00000008     UNINITIALIZED
                  003f7ff8    00000008     DSP281x_GlobalVariableDefs.obj (CsmPwlFile)

.ebss      1    003f9000    000004cf     UNINITIALIZED
                  003f9000    000004c6     D-STATCOM_Main_ByLee.obj (.ebss)
                  003f94c6    00000004     rts2800_ml.lib : _lock.obj (.ebss)
                  003f94ca    00000004                    : exit.obj (.ebss)
                  003f94ce    00000001                    : errno.obj (.ebss)

.econst    1    003f94d0    00000100     
                  003f94d0    00000100     DSP281x_PieVect.obj (.econst)


GLOBAL SYMBOLS: SORTED ALPHABETICALLY BY Name 

address    name
--------   ----
003f8002   .text
003f89be   C$$EXIT
003f8747   FS$$ADD
003f89d7   FS$$CMP
003f863d   FS$$DIV
003f87ba   FS$$MPY
003f8a36   FS$$NEG
003f8742   FS$$SUB
003f896c   FS$$TOU
003f89a4   I$$TOFS
003f8a15   U$$TOFS
003f91c0   _AD
003f8561   _ADCINT_ISR
003f8294   _ADCSmplePro
003f827c   _ADC_SampleINT
003f8257   _ADC_T1TOADC_isr
003f9024   _ADREG
003f9028   _AD_CHIPSEL0
003f9022   _AD_CHIPSEL1
003f9026   _AD_CONVST
003f9003   _AD_corrention_flag
003f9004   _ADflag
00007100   _AdcRegs
003f85a7   _CAPINT1_ISR
003f85ac   _CAPINT2_ISR
003f85b1   _CAPINT3_ISR
003f85ed   _CAPINT4_ISR
003f85f2   _CAPINT5_ISR
003f85f7   _CAPINT6_ISR
003f8570   _CMP1INT_ISR
003f8575   _CMP2INT_ISR
003f857a   _CMP3INT_ISR
003f85b6   _CMP4INT_ISR
003f85bb   _CMP5INT_ISR
003f85c0   _CMP6INT_ISR
00000c00   _CpuTimer0Regs
003f7ff8   _CsmPwl
00000ae0   _CsmRegs
003f8711   _CsmUnlock
003f84f8   _DATALOG_ISR
003f8e24   _DSP28x_usDelay
00000880   _DevEmuRegs
003f86d2   _DisableDog
003f8624   _ECAN0INTA_ISR
003f8629   _ECAN1INTA_ISR
00006040   _ECanaLAMRegs
000060c0   _ECanaMOTORegs
00006080   _ECanaMOTSRegs
00006100   _ECanaMboxes
00006000   _ECanaRegs
003f862e   _EMPTY_ISR
003f8502   _EMUINT_ISR
003f8943   _EnableInterrupts
00007400   _EvaRegs
00007500   _EvbRegs
00000a80   _FlashRegs
000070e0   _GpioDataRegs
000070c0   _GpioMuxRegs
003f902a   _I1
003f900e   _I1_offset
003f901e   _I1_offset_temp
003f9006   _I2
003f9008   _I2_offset
003f9014   _I2_offset_temp
003f850c   _ILLEGAL_ISR
003f84ee   _INT13_ISR
003f84f3   _INT14_ISR
003f8a03   _InitAdc
003f8e0d   _InitFlash
003f88e9   _InitGpio
003f86f7   _InitPeripheralClocks
003f8924   _InitPieCtrl
003f894c   _InitPieVectTable
003f86da   _InitPll
003f9002   _InitPoint
003f86c0   _InitSysCtrl
003f88f6   _Init_Gpio
003f86c8   _KickDog
003f8606   _MRINTA_ISR
003f860b   _MXINTA_ISR
00007800   _McbspaRegs
003f89ee   _MemCopy
003f8507   _NMI_ISR
003f854d   _PDPINTA_ISR
003f8552   _PDPINTB_ISR
003f8633   _PIE_RESERVED
003f9064   _PI_Ia
003f9080   _PI_Ib
003f90a4   _PI_Ic
003f9092   _PI_Udc
00000ce0   _PieCtrlRegs
00000d00   _PieVectTable
003f94d0   _PieVectTableInit
003f84fd   _RTOSINT_ISR
003f8610   _SCIRXINTA_ISR
003f861a   _SCIRXINTB_ISR
003f8615   _SCITXINTA_ISR
003f861f   _SCITXINTB_ISR
003f85fc   _SPIRXINTA_ISR
003f8601   _SPITXINTA_ISR
00007050   _SciaRegs
00007750   _ScibRegs
00007040   _SpiaRegs
00007010   _SysCtrlRegs
003f8584   _T1CINT_ISR
003f858e   _T1OFINT_ISR
003f857f   _T1PINT_ISR
003f8589   _T1UFINT_ISR
003f8598   _T2CINT_ISR
003f85a2   _T2OFINT_ISR
003f8593   _T2PINT_ISR
003f859d   _T2UFINT_ISR
003f85ca   _T3CINT_ISR
003f85d4   _T3OFINT_ISR
003f85c5   _T3PINT_ISR
003f85cf   _T3UFINT_ISR
003f85de   _T4CINT_ISR
003f85e8   _T4OFINT_ISR
003f85d9   _T4PINT_ISR
003f85e3   _T4UFINT_ISR
003f8566   _TINT0_ISR
003f9032   _U1
003f900a   _U1_offset
003f901a   _U1_offset_temp
003f902e   _U2
003f9010   _U2_offset
003f9020   _U2_offset_temp
003f853e   _USER10_ISR
003f8543   _USER11_ISR
003f8548   _USER12_ISR
003f8511   _USER1_ISR
003f8516   _USER2_ISR
003f851b   _USER3_ISR
003f8520   _USER4_ISR
003f8525   _USER5_ISR
003f852a   _USER6_ISR
003f852f   _USER7_ISR
003f8534   _USER8_ISR
003f8539   _USER9_ISR
003f9018   _Ua_pwm
003f9016   _Ub_pwm
003f902c   _Uc_pwm
003f900c   _Udc
003f901c   _Udc_offset
003f9012   _Udc_offset_temp
003f856b   _WAKEINT_ISR
003f8557   _XINT1_ISR
003f855c   _XINT2_ISR
00007070   _XIntruptRegs
00000b20   _XintfRegs
00000800   __STACK_END
00000400   __STACK_SIZE
00000001   __TI_args_main
ffffffff   ___binit__
ffffffff   ___c_args__
003f8a3b   ___cinit__
003f8a3b   ___etext__
ffffffff   ___pinit__
003f8002   ___text__
003f8989   __args_main
003f94ca   __cleanup_ptr
003f94cc   __dtors_ptr
003f94c8   __lock
003f8a2d   __nop
003f8a29   __register_lock
003f8a25   __register_unlock
00000400   __stack
003f94c6   __unlock
003f89be   _abort
003f9052   _ac
003f8033   _anticlarke_calc
003f8091   _antipark_calc
003f9040   _ap
003f9048   _c2
003f9044   _c_I
003f9034   _c_U
003f8864   _c_int00
003f8002   _clarke_calc
003f9001   _cnt
003f94ce   _errno
003f89c0   _exit
003f9058   _ip
003f904c   _l2p_I
003f905e   _l2p_U
003f88a8   _ldexp
003f80ba   _line_to_phase
003f8122   _main
003f903c   _p_i
003f8067   _park_calc
003f8480   _pi_calc
003f9038   _pll
003f80fa   _pll_calc
003f8638   _rsvd_ISR
003f9030   _sample_time
003f8814   _sqrt
003f90c0   _temp1
003f9000   _x
ffffffff   binit
003f8a3b   cinit
003f8a3b   etext
ffffffff   pinit


GLOBAL SYMBOLS: SORTED BY Symbol Address 

address    name
--------   ----
00000001   __TI_args_main
00000400   __STACK_SIZE
00000400   __stack
00000800   __STACK_END
00000880   _DevEmuRegs
00000a80   _FlashRegs
00000ae0   _CsmRegs
00000b20   _XintfRegs
00000c00   _CpuTimer0Regs
00000ce0   _PieCtrlRegs
00000d00   _PieVectTable
00006000   _ECanaRegs
00006040   _ECanaLAMRegs
00006080   _ECanaMOTSRegs
000060c0   _ECanaMOTORegs
00006100   _ECanaMboxes
00007010   _SysCtrlRegs
00007040   _SpiaRegs
00007050   _SciaRegs
00007070   _XIntruptRegs
000070c0   _GpioMuxRegs
000070e0   _GpioDataRegs
00007100   _AdcRegs
00007400   _EvaRegs
00007500   _EvbRegs
00007750   _ScibRegs
00007800   _McbspaRegs
003f7ff8   _CsmPwl
003f8002   .text
003f8002   ___text__
003f8002   _clarke_calc
003f8033   _anticlarke_calc
003f8067   _park_calc
003f8091   _antipark_calc
003f80ba   _line_to_phase
003f80fa   _pll_calc
003f8122   _main
003f8257   _ADC_T1TOADC_isr
003f827c   _ADC_SampleINT
003f8294   _ADCSmplePro
003f8480   _pi_calc
003f84ee   _INT13_ISR
003f84f3   _INT14_ISR
003f84f8   _DATALOG_ISR
003f84fd   _RTOSINT_ISR
003f8502   _EMUINT_ISR
003f8507   _NMI_ISR
003f850c   _ILLEGAL_ISR
003f8511   _USER1_ISR
003f8516   _USER2_ISR
003f851b   _USER3_ISR
003f8520   _USER4_ISR
003f8525   _USER5_ISR
003f852a   _USER6_ISR
003f852f   _USER7_ISR
003f8534   _USER8_ISR
003f8539   _USER9_ISR
003f853e   _USER10_ISR
003f8543   _USER11_ISR
003f8548   _USER12_ISR
003f854d   _PDPINTA_ISR
003f8552   _PDPINTB_ISR
003f8557   _XINT1_ISR
003f855c   _XINT2_ISR
003f8561   _ADCINT_ISR
003f8566   _TINT0_ISR
003f856b   _WAKEINT_ISR
003f8570   _CMP1INT_ISR
003f8575   _CMP2INT_ISR
003f857a   _CMP3INT_ISR
003f857f   _T1PINT_ISR
003f8584   _T1CINT_ISR
003f8589   _T1UFINT_ISR
003f858e   _T1OFINT_ISR
003f8593   _T2PINT_ISR
003f8598   _T2CINT_ISR
003f859d   _T2UFINT_ISR
003f85a2   _T2OFINT_ISR
003f85a7   _CAPINT1_ISR
003f85ac   _CAPINT2_ISR
003f85b1   _CAPINT3_ISR
003f85b6   _CMP4INT_ISR
003f85bb   _CMP5INT_ISR
003f85c0   _CMP6INT_ISR
003f85c5   _T3PINT_ISR
003f85ca   _T3CINT_ISR
003f85cf   _T3UFINT_ISR
003f85d4   _T3OFINT_ISR
003f85d9   _T4PINT_ISR
003f85de   _T4CINT_ISR
003f85e3   _T4UFINT_ISR
003f85e8   _T4OFINT_ISR
003f85ed   _CAPINT4_ISR
003f85f2   _CAPINT5_ISR
003f85f7   _CAPINT6_ISR
003f85fc   _SPIRXINTA_ISR
003f8601   _SPITXINTA_ISR
003f8606   _MRINTA_ISR
003f860b   _MXINTA_ISR
003f8610   _SCIRXINTA_ISR
003f8615   _SCITXINTA_ISR
003f861a   _SCIRXINTB_ISR
003f861f   _SCITXINTB_ISR
003f8624   _ECAN0INTA_ISR
003f8629   _ECAN1INTA_ISR
003f862e   _EMPTY_ISR
003f8633   _PIE_RESERVED
003f8638   _rsvd_ISR
003f863d   FS$$DIV
003f86c0   _InitSysCtrl
003f86c8   _KickDog
003f86d2   _DisableDog
003f86da   _InitPll
003f86f7   _InitPeripheralClocks
003f8711   _CsmUnlock
003f8742   FS$$SUB
003f8747   FS$$ADD
003f87ba   FS$$MPY
003f8814   _sqrt
003f8864   _c_int00
003f88a8   _ldexp
003f88e9   _InitGpio
003f88f6   _Init_Gpio
003f8924   _InitPieCtrl
003f8943   _EnableInterrupts
003f894c   _InitPieVectTable
003f896c   FS$$TOU
003f8989   __args_main
003f89a4   I$$TOFS
003f89be   C$$EXIT
003f89be   _abort
003f89c0   _exit
003f89d7   FS$$CMP
003f89ee   _MemCopy
003f8a03   _InitAdc
003f8a15   U$$TOFS
003f8a25   __register_unlock
003f8a29   __register_lock
003f8a2d   __nop
003f8a36   FS$$NEG
003f8a3b   ___cinit__
003f8a3b   ___etext__
003f8a3b   cinit
003f8a3b   etext
003f8e0d   _InitFlash
003f8e24   _DSP28x_usDelay
003f9000   _x
003f9001   _cnt
003f9002   _InitPoint
003f9003   _AD_corrention_flag
003f9004   _ADflag
003f9006   _I2
003f9008   _I2_offset
003f900a   _U1_offset
003f900c   _Udc
003f900e   _I1_offset
003f9010   _U2_offset
003f9012   _Udc_offset_temp
003f9014   _I2_offset_temp
003f9016   _Ub_pwm
003f9018   _Ua_pwm
003f901a   _U1_offset_temp
003f901c   _Udc_offset
003f901e   _I1_offset_temp
003f9020   _U2_offset_temp
003f9022   _AD_CHIPSEL1
003f9024   _ADREG
003f9026   _AD_CONVST
003f9028   _AD_CHIPSEL0
003f902a   _I1
003f902c   _Uc_pwm
003f902e   _U2
003f9030   _sample_time
003f9032   _U1
003f9034   _c_U
003f9038   _pll
003f903c   _p_i
003f9040   _ap
003f9044   _c_I
003f9048   _c2
003f904c   _l2p_I
003f9052   _ac
003f9058   _ip
003f905e   _l2p_U
003f9064   _PI_Ia
003f9080   _PI_Ib
003f9092   _PI_Udc
003f90a4   _PI_Ic
003f90c0   _temp1
003f91c0   _AD
003f94c6   __unlock
003f94c8   __lock
003f94ca   __cleanup_ptr
003f94cc   __dtors_ptr
003f94ce   _errno
003f94d0   _PieVectTableInit
ffffffff   ___binit__
ffffffff   ___c_args__
ffffffff   ___pinit__
ffffffff   binit
ffffffff   pinit

[201 symbols]
